ARM GAS  C:\Users\louis\AppData\Local\Temp\ccvEL5JY.s 			page 1


   1              		.syntax unified
   2              		.cpu cortex-m3
   3              		.fpu softvfp
   4              		.eabi_attribute 20, 1
   5              		.eabi_attribute 21, 1
   6              		.eabi_attribute 23, 3
   7              		.eabi_attribute 24, 1
   8              		.eabi_attribute 25, 1
   9              		.eabi_attribute 26, 1
  10              		.eabi_attribute 30, 6
  11              		.eabi_attribute 34, 1
  12              		.eabi_attribute 18, 4
  13              		.thumb
  14              		.file	"isr_eoc.c"
  15              		.text
  16              	.Ltext0:
  17              		.cfi_sections	.debug_frame
  18              		.section	.text.isr_eoc_Start,"ax",%progbits
  19              		.align	2
  20              		.global	isr_eoc_Start
  21              		.thumb
  22              		.thumb_func
  23              		.type	isr_eoc_Start, %function
  24              	isr_eoc_Start:
  25              	.LFB63:
  26              		.file 1 ".\\Generated_Source\\PSoC5\\isr_eoc.c"
   1:.\Generated_Source\PSoC5/isr_eoc.c **** /*******************************************************************************
   2:.\Generated_Source\PSoC5/isr_eoc.c **** * File Name: isr_eoc.c  
   3:.\Generated_Source\PSoC5/isr_eoc.c **** * Version 1.70
   4:.\Generated_Source\PSoC5/isr_eoc.c **** *
   5:.\Generated_Source\PSoC5/isr_eoc.c **** *  Description:
   6:.\Generated_Source\PSoC5/isr_eoc.c **** *   API for controlling the state of an interrupt.
   7:.\Generated_Source\PSoC5/isr_eoc.c **** *
   8:.\Generated_Source\PSoC5/isr_eoc.c **** *
   9:.\Generated_Source\PSoC5/isr_eoc.c **** *  Note:
  10:.\Generated_Source\PSoC5/isr_eoc.c **** *
  11:.\Generated_Source\PSoC5/isr_eoc.c **** ********************************************************************************
  12:.\Generated_Source\PSoC5/isr_eoc.c **** * Copyright 2008-2015, Cypress Semiconductor Corporation.  All rights reserved.
  13:.\Generated_Source\PSoC5/isr_eoc.c **** * You may use this file only in accordance with the license, terms, conditions, 
  14:.\Generated_Source\PSoC5/isr_eoc.c **** * disclaimers, and limitations in the end user license agreement accompanying 
  15:.\Generated_Source\PSoC5/isr_eoc.c **** * the software package with which this file was provided.
  16:.\Generated_Source\PSoC5/isr_eoc.c **** *******************************************************************************/
  17:.\Generated_Source\PSoC5/isr_eoc.c **** 
  18:.\Generated_Source\PSoC5/isr_eoc.c **** 
  19:.\Generated_Source\PSoC5/isr_eoc.c **** #include <cydevice_trm.h>
  20:.\Generated_Source\PSoC5/isr_eoc.c **** #include <CyLib.h>
  21:.\Generated_Source\PSoC5/isr_eoc.c **** #include <isr_eoc.h>
  22:.\Generated_Source\PSoC5/isr_eoc.c **** 
  23:.\Generated_Source\PSoC5/isr_eoc.c **** 
  24:.\Generated_Source\PSoC5/isr_eoc.c **** #if !defined(isr_eoc__REMOVED) /* Check for removal by optimization */
  25:.\Generated_Source\PSoC5/isr_eoc.c **** 
  26:.\Generated_Source\PSoC5/isr_eoc.c **** /*******************************************************************************
  27:.\Generated_Source\PSoC5/isr_eoc.c **** *  Place your includes, defines and code here 
  28:.\Generated_Source\PSoC5/isr_eoc.c **** ********************************************************************************/
  29:.\Generated_Source\PSoC5/isr_eoc.c **** /* `#START isr_eoc_intc` */
  30:.\Generated_Source\PSoC5/isr_eoc.c **** #include <project.h>   
  31:.\Generated_Source\PSoC5/isr_eoc.c **** #include "defines.h"
ARM GAS  C:\Users\louis\AppData\Local\Temp\ccvEL5JY.s 			page 2


  32:.\Generated_Source\PSoC5/isr_eoc.c **** extern uint16 adcvalue[8];
  33:.\Generated_Source\PSoC5/isr_eoc.c **** extern uint8 dataready_flag;
  34:.\Generated_Source\PSoC5/isr_eoc.c **** /* `#END` */
  35:.\Generated_Source\PSoC5/isr_eoc.c **** 
  36:.\Generated_Source\PSoC5/isr_eoc.c **** #ifndef CYINT_IRQ_BASE
  37:.\Generated_Source\PSoC5/isr_eoc.c **** #define CYINT_IRQ_BASE      16
  38:.\Generated_Source\PSoC5/isr_eoc.c **** #endif /* CYINT_IRQ_BASE */
  39:.\Generated_Source\PSoC5/isr_eoc.c **** #ifndef CYINT_VECT_TABLE
  40:.\Generated_Source\PSoC5/isr_eoc.c **** #define CYINT_VECT_TABLE    ((cyisraddress **) CYREG_NVIC_VECT_OFFSET)
  41:.\Generated_Source\PSoC5/isr_eoc.c **** #endif /* CYINT_VECT_TABLE */
  42:.\Generated_Source\PSoC5/isr_eoc.c **** 
  43:.\Generated_Source\PSoC5/isr_eoc.c **** /* Declared in startup, used to set unused interrupts to. */
  44:.\Generated_Source\PSoC5/isr_eoc.c **** CY_ISR_PROTO(IntDefaultHandler);
  45:.\Generated_Source\PSoC5/isr_eoc.c **** 
  46:.\Generated_Source\PSoC5/isr_eoc.c **** 
  47:.\Generated_Source\PSoC5/isr_eoc.c **** /*******************************************************************************
  48:.\Generated_Source\PSoC5/isr_eoc.c **** * Function Name: isr_eoc_Start
  49:.\Generated_Source\PSoC5/isr_eoc.c **** ********************************************************************************
  50:.\Generated_Source\PSoC5/isr_eoc.c **** *
  51:.\Generated_Source\PSoC5/isr_eoc.c **** * Summary:
  52:.\Generated_Source\PSoC5/isr_eoc.c **** *  Set up the interrupt and enable it. This function disables the interrupt, 
  53:.\Generated_Source\PSoC5/isr_eoc.c **** *  sets the default interrupt vector, sets the priority from the value in the
  54:.\Generated_Source\PSoC5/isr_eoc.c **** *  Design Wide Resources Interrupt Editor, then enables the interrupt to the 
  55:.\Generated_Source\PSoC5/isr_eoc.c **** *  interrupt controller.
  56:.\Generated_Source\PSoC5/isr_eoc.c **** *
  57:.\Generated_Source\PSoC5/isr_eoc.c **** * Parameters:  
  58:.\Generated_Source\PSoC5/isr_eoc.c **** *   None
  59:.\Generated_Source\PSoC5/isr_eoc.c **** *
  60:.\Generated_Source\PSoC5/isr_eoc.c **** * Return:
  61:.\Generated_Source\PSoC5/isr_eoc.c **** *   None
  62:.\Generated_Source\PSoC5/isr_eoc.c **** *
  63:.\Generated_Source\PSoC5/isr_eoc.c **** *******************************************************************************/
  64:.\Generated_Source\PSoC5/isr_eoc.c **** void isr_eoc_Start(void)
  65:.\Generated_Source\PSoC5/isr_eoc.c **** {
  27              		.loc 1 65 0
  28              		.cfi_startproc
  29              		@ args = 0, pretend = 0, frame = 0
  30              		@ frame_needed = 1, uses_anonymous_args = 0
  31 0000 80B5     		push	{r7, lr}
  32              		.cfi_def_cfa_offset 8
  33              		.cfi_offset 7, -8
  34              		.cfi_offset 14, -4
  35 0002 00AF     		add	r7, sp, #0
  36              		.cfi_def_cfa_register 7
  66:.\Generated_Source\PSoC5/isr_eoc.c ****     /* For all we know the interrupt is active. */
  67:.\Generated_Source\PSoC5/isr_eoc.c ****     isr_eoc_Disable();
  37              		.loc 1 67 0
  38 0004 FFF7FEFF 		bl	isr_eoc_Disable
  68:.\Generated_Source\PSoC5/isr_eoc.c **** 
  69:.\Generated_Source\PSoC5/isr_eoc.c ****     /* Set the ISR to point to the isr_eoc Interrupt. */
  70:.\Generated_Source\PSoC5/isr_eoc.c ****     isr_eoc_SetVector(&isr_eoc_Interrupt);
  39              		.loc 1 70 0
  40 0008 0448     		ldr	r0, .L2
  41 000a FFF7FEFF 		bl	isr_eoc_SetVector
  71:.\Generated_Source\PSoC5/isr_eoc.c **** 
  72:.\Generated_Source\PSoC5/isr_eoc.c ****     /* Set the priority. */
  73:.\Generated_Source\PSoC5/isr_eoc.c ****     isr_eoc_SetPriority((uint8)isr_eoc_INTC_PRIOR_NUMBER);
ARM GAS  C:\Users\louis\AppData\Local\Temp\ccvEL5JY.s 			page 3


  42              		.loc 1 73 0
  43 000e 0720     		movs	r0, #7
  44 0010 FFF7FEFF 		bl	isr_eoc_SetPriority
  74:.\Generated_Source\PSoC5/isr_eoc.c **** 
  75:.\Generated_Source\PSoC5/isr_eoc.c ****     /* Enable it. */
  76:.\Generated_Source\PSoC5/isr_eoc.c ****     isr_eoc_Enable();
  45              		.loc 1 76 0
  46 0014 FFF7FEFF 		bl	isr_eoc_Enable
  77:.\Generated_Source\PSoC5/isr_eoc.c **** }
  47              		.loc 1 77 0
  48 0018 80BD     		pop	{r7, pc}
  49              	.L3:
  50 001a 00BF     		.align	2
  51              	.L2:
  52 001c 00000000 		.word	isr_eoc_Interrupt
  53              		.cfi_endproc
  54              	.LFE63:
  55              		.size	isr_eoc_Start, .-isr_eoc_Start
  56              		.section	.text.isr_eoc_StartEx,"ax",%progbits
  57              		.align	2
  58              		.global	isr_eoc_StartEx
  59              		.thumb
  60              		.thumb_func
  61              		.type	isr_eoc_StartEx, %function
  62              	isr_eoc_StartEx:
  63              	.LFB64:
  78:.\Generated_Source\PSoC5/isr_eoc.c **** 
  79:.\Generated_Source\PSoC5/isr_eoc.c **** 
  80:.\Generated_Source\PSoC5/isr_eoc.c **** /*******************************************************************************
  81:.\Generated_Source\PSoC5/isr_eoc.c **** * Function Name: isr_eoc_StartEx
  82:.\Generated_Source\PSoC5/isr_eoc.c **** ********************************************************************************
  83:.\Generated_Source\PSoC5/isr_eoc.c **** *
  84:.\Generated_Source\PSoC5/isr_eoc.c **** * Summary:
  85:.\Generated_Source\PSoC5/isr_eoc.c **** *  Sets up the interrupt and enables it. This function disables the interrupt,
  86:.\Generated_Source\PSoC5/isr_eoc.c **** *  sets the interrupt vector based on the address passed in, sets the priority 
  87:.\Generated_Source\PSoC5/isr_eoc.c **** *  from the value in the Design Wide Resources Interrupt Editor, then enables 
  88:.\Generated_Source\PSoC5/isr_eoc.c **** *  the interrupt to the interrupt controller.
  89:.\Generated_Source\PSoC5/isr_eoc.c **** *  
  90:.\Generated_Source\PSoC5/isr_eoc.c **** *  When defining ISR functions, the CY_ISR and CY_ISR_PROTO macros should be 
  91:.\Generated_Source\PSoC5/isr_eoc.c **** *  used to provide consistent definition across compilers:
  92:.\Generated_Source\PSoC5/isr_eoc.c **** *  
  93:.\Generated_Source\PSoC5/isr_eoc.c **** *  Function definition example:
  94:.\Generated_Source\PSoC5/isr_eoc.c **** *   CY_ISR(MyISR)
  95:.\Generated_Source\PSoC5/isr_eoc.c **** *   {
  96:.\Generated_Source\PSoC5/isr_eoc.c **** *   }
  97:.\Generated_Source\PSoC5/isr_eoc.c **** *   Function prototype example:
  98:.\Generated_Source\PSoC5/isr_eoc.c **** *   CY_ISR_PROTO(MyISR);
  99:.\Generated_Source\PSoC5/isr_eoc.c **** *
 100:.\Generated_Source\PSoC5/isr_eoc.c **** * Parameters:  
 101:.\Generated_Source\PSoC5/isr_eoc.c **** *   address: Address of the ISR to set in the interrupt vector table.
 102:.\Generated_Source\PSoC5/isr_eoc.c **** *
 103:.\Generated_Source\PSoC5/isr_eoc.c **** * Return:
 104:.\Generated_Source\PSoC5/isr_eoc.c **** *   None
 105:.\Generated_Source\PSoC5/isr_eoc.c **** *
 106:.\Generated_Source\PSoC5/isr_eoc.c **** *******************************************************************************/
 107:.\Generated_Source\PSoC5/isr_eoc.c **** void isr_eoc_StartEx(cyisraddress address)
 108:.\Generated_Source\PSoC5/isr_eoc.c **** {
ARM GAS  C:\Users\louis\AppData\Local\Temp\ccvEL5JY.s 			page 4


  64              		.loc 1 108 0
  65              		.cfi_startproc
  66              		@ args = 0, pretend = 0, frame = 8
  67              		@ frame_needed = 1, uses_anonymous_args = 0
  68 0000 80B5     		push	{r7, lr}
  69              		.cfi_def_cfa_offset 8
  70              		.cfi_offset 7, -8
  71              		.cfi_offset 14, -4
  72 0002 82B0     		sub	sp, sp, #8
  73              		.cfi_def_cfa_offset 16
  74 0004 00AF     		add	r7, sp, #0
  75              		.cfi_def_cfa_register 7
  76 0006 7860     		str	r0, [r7, #4]
 109:.\Generated_Source\PSoC5/isr_eoc.c ****     /* For all we know the interrupt is active. */
 110:.\Generated_Source\PSoC5/isr_eoc.c ****     isr_eoc_Disable();
  77              		.loc 1 110 0
  78 0008 FFF7FEFF 		bl	isr_eoc_Disable
 111:.\Generated_Source\PSoC5/isr_eoc.c **** 
 112:.\Generated_Source\PSoC5/isr_eoc.c ****     /* Set the ISR to point to the isr_eoc Interrupt. */
 113:.\Generated_Source\PSoC5/isr_eoc.c ****     isr_eoc_SetVector(address);
  79              		.loc 1 113 0
  80 000c 7868     		ldr	r0, [r7, #4]
  81 000e FFF7FEFF 		bl	isr_eoc_SetVector
 114:.\Generated_Source\PSoC5/isr_eoc.c **** 
 115:.\Generated_Source\PSoC5/isr_eoc.c ****     /* Set the priority. */
 116:.\Generated_Source\PSoC5/isr_eoc.c ****     isr_eoc_SetPriority((uint8)isr_eoc_INTC_PRIOR_NUMBER);
  82              		.loc 1 116 0
  83 0012 0720     		movs	r0, #7
  84 0014 FFF7FEFF 		bl	isr_eoc_SetPriority
 117:.\Generated_Source\PSoC5/isr_eoc.c **** 
 118:.\Generated_Source\PSoC5/isr_eoc.c ****     /* Enable it. */
 119:.\Generated_Source\PSoC5/isr_eoc.c ****     isr_eoc_Enable();
  85              		.loc 1 119 0
  86 0018 FFF7FEFF 		bl	isr_eoc_Enable
 120:.\Generated_Source\PSoC5/isr_eoc.c **** }
  87              		.loc 1 120 0
  88 001c 0837     		adds	r7, r7, #8
  89              		.cfi_def_cfa_offset 8
  90 001e BD46     		mov	sp, r7
  91              		.cfi_def_cfa_register 13
  92              		@ sp needed
  93 0020 80BD     		pop	{r7, pc}
  94              		.cfi_endproc
  95              	.LFE64:
  96              		.size	isr_eoc_StartEx, .-isr_eoc_StartEx
  97 0022 00BF     		.section	.text.isr_eoc_Stop,"ax",%progbits
  98              		.align	2
  99              		.global	isr_eoc_Stop
 100              		.thumb
 101              		.thumb_func
 102              		.type	isr_eoc_Stop, %function
 103              	isr_eoc_Stop:
 104              	.LFB65:
 121:.\Generated_Source\PSoC5/isr_eoc.c **** 
 122:.\Generated_Source\PSoC5/isr_eoc.c **** 
 123:.\Generated_Source\PSoC5/isr_eoc.c **** /*******************************************************************************
 124:.\Generated_Source\PSoC5/isr_eoc.c **** * Function Name: isr_eoc_Stop
ARM GAS  C:\Users\louis\AppData\Local\Temp\ccvEL5JY.s 			page 5


 125:.\Generated_Source\PSoC5/isr_eoc.c **** ********************************************************************************
 126:.\Generated_Source\PSoC5/isr_eoc.c **** *
 127:.\Generated_Source\PSoC5/isr_eoc.c **** * Summary:
 128:.\Generated_Source\PSoC5/isr_eoc.c **** *   Disables and removes the interrupt.
 129:.\Generated_Source\PSoC5/isr_eoc.c **** *
 130:.\Generated_Source\PSoC5/isr_eoc.c **** * Parameters:  
 131:.\Generated_Source\PSoC5/isr_eoc.c **** *   None
 132:.\Generated_Source\PSoC5/isr_eoc.c **** *
 133:.\Generated_Source\PSoC5/isr_eoc.c **** * Return:
 134:.\Generated_Source\PSoC5/isr_eoc.c **** *   None
 135:.\Generated_Source\PSoC5/isr_eoc.c **** *
 136:.\Generated_Source\PSoC5/isr_eoc.c **** *******************************************************************************/
 137:.\Generated_Source\PSoC5/isr_eoc.c **** void isr_eoc_Stop(void)
 138:.\Generated_Source\PSoC5/isr_eoc.c **** {
 105              		.loc 1 138 0
 106              		.cfi_startproc
 107              		@ args = 0, pretend = 0, frame = 0
 108              		@ frame_needed = 1, uses_anonymous_args = 0
 109 0000 80B5     		push	{r7, lr}
 110              		.cfi_def_cfa_offset 8
 111              		.cfi_offset 7, -8
 112              		.cfi_offset 14, -4
 113 0002 00AF     		add	r7, sp, #0
 114              		.cfi_def_cfa_register 7
 139:.\Generated_Source\PSoC5/isr_eoc.c ****     /* Disable this interrupt. */
 140:.\Generated_Source\PSoC5/isr_eoc.c ****     isr_eoc_Disable();
 115              		.loc 1 140 0
 116 0004 FFF7FEFF 		bl	isr_eoc_Disable
 141:.\Generated_Source\PSoC5/isr_eoc.c **** 
 142:.\Generated_Source\PSoC5/isr_eoc.c ****     /* Set the ISR to point to the passive one. */
 143:.\Generated_Source\PSoC5/isr_eoc.c ****     isr_eoc_SetVector(&IntDefaultHandler);
 117              		.loc 1 143 0
 118 0008 0148     		ldr	r0, .L6
 119 000a FFF7FEFF 		bl	isr_eoc_SetVector
 144:.\Generated_Source\PSoC5/isr_eoc.c **** }
 120              		.loc 1 144 0
 121 000e 80BD     		pop	{r7, pc}
 122              	.L7:
 123              		.align	2
 124              	.L6:
 125 0010 00000000 		.word	IntDefaultHandler
 126              		.cfi_endproc
 127              	.LFE65:
 128              		.size	isr_eoc_Stop, .-isr_eoc_Stop
 129              		.section	.text.isr_eoc_Interrupt,"ax",%progbits
 130              		.align	2
 131              		.global	isr_eoc_Interrupt
 132              		.thumb
 133              		.thumb_func
 134              		.type	isr_eoc_Interrupt, %function
 135              	isr_eoc_Interrupt:
 136              	.LFB66:
 145:.\Generated_Source\PSoC5/isr_eoc.c **** 
 146:.\Generated_Source\PSoC5/isr_eoc.c **** 
 147:.\Generated_Source\PSoC5/isr_eoc.c **** /*******************************************************************************
 148:.\Generated_Source\PSoC5/isr_eoc.c **** * Function Name: isr_eoc_Interrupt
 149:.\Generated_Source\PSoC5/isr_eoc.c **** ********************************************************************************
ARM GAS  C:\Users\louis\AppData\Local\Temp\ccvEL5JY.s 			page 6


 150:.\Generated_Source\PSoC5/isr_eoc.c **** *
 151:.\Generated_Source\PSoC5/isr_eoc.c **** * Summary:
 152:.\Generated_Source\PSoC5/isr_eoc.c **** *   The default Interrupt Service Routine for isr_eoc.
 153:.\Generated_Source\PSoC5/isr_eoc.c **** *
 154:.\Generated_Source\PSoC5/isr_eoc.c **** *   Add custom code between the coments to keep the next version of this file
 155:.\Generated_Source\PSoC5/isr_eoc.c **** *   from over writting your code.
 156:.\Generated_Source\PSoC5/isr_eoc.c **** *
 157:.\Generated_Source\PSoC5/isr_eoc.c **** * Parameters:  
 158:.\Generated_Source\PSoC5/isr_eoc.c **** *
 159:.\Generated_Source\PSoC5/isr_eoc.c **** * Return:
 160:.\Generated_Source\PSoC5/isr_eoc.c **** *   None
 161:.\Generated_Source\PSoC5/isr_eoc.c **** *
 162:.\Generated_Source\PSoC5/isr_eoc.c **** *******************************************************************************/
 163:.\Generated_Source\PSoC5/isr_eoc.c **** CY_ISR(isr_eoc_Interrupt)
 164:.\Generated_Source\PSoC5/isr_eoc.c **** {
 137              		.loc 1 164 0
 138              		.cfi_startproc
 139              		@ args = 0, pretend = 0, frame = 0
 140              		@ frame_needed = 1, uses_anonymous_args = 0
 141 0000 80B5     		push	{r7, lr}
 142              		.cfi_def_cfa_offset 8
 143              		.cfi_offset 7, -8
 144              		.cfi_offset 14, -4
 145 0002 00AF     		add	r7, sp, #0
 146              		.cfi_def_cfa_register 7
 165:.\Generated_Source\PSoC5/isr_eoc.c ****     #ifdef isr_eoc_INTERRUPT_INTERRUPT_CALLBACK
 166:.\Generated_Source\PSoC5/isr_eoc.c ****         isr_eoc_Interrupt_InterruptCallback();
 167:.\Generated_Source\PSoC5/isr_eoc.c ****     #endif /* isr_eoc_INTERRUPT_INTERRUPT_CALLBACK */ 
 168:.\Generated_Source\PSoC5/isr_eoc.c **** 
 169:.\Generated_Source\PSoC5/isr_eoc.c ****     /*  Place your Interrupt code here. */
 170:.\Generated_Source\PSoC5/isr_eoc.c ****     /* `#START isr_eoc_Interrupt` */
 171:.\Generated_Source\PSoC5/isr_eoc.c ****     adcvalue[0] = ADC_GetResult16();
 147              		.loc 1 171 0
 148 0004 FFF7FEFF 		bl	ADC_GetResult16
 149 0008 0346     		mov	r3, r0
 150 000a 9AB2     		uxth	r2, r3
 151 000c 024B     		ldr	r3, .L9
 152 000e 1A80     		strh	r2, [r3]	@ movhi
 172:.\Generated_Source\PSoC5/isr_eoc.c ****     dataready_flag = 1;
 153              		.loc 1 172 0
 154 0010 024B     		ldr	r3, .L9+4
 155 0012 0122     		movs	r2, #1
 156 0014 1A70     		strb	r2, [r3]
 173:.\Generated_Source\PSoC5/isr_eoc.c **** 
 174:.\Generated_Source\PSoC5/isr_eoc.c ****     /* `#END` */
 175:.\Generated_Source\PSoC5/isr_eoc.c **** }
 157              		.loc 1 175 0
 158 0016 80BD     		pop	{r7, pc}
 159              	.L10:
 160              		.align	2
 161              	.L9:
 162 0018 00000000 		.word	adcvalue
 163 001c 00000000 		.word	dataready_flag
 164              		.cfi_endproc
 165              	.LFE66:
 166              		.size	isr_eoc_Interrupt, .-isr_eoc_Interrupt
 167              		.section	.text.isr_eoc_SetVector,"ax",%progbits
ARM GAS  C:\Users\louis\AppData\Local\Temp\ccvEL5JY.s 			page 7


 168              		.align	2
 169              		.global	isr_eoc_SetVector
 170              		.thumb
 171              		.thumb_func
 172              		.type	isr_eoc_SetVector, %function
 173              	isr_eoc_SetVector:
 174              	.LFB67:
 176:.\Generated_Source\PSoC5/isr_eoc.c **** 
 177:.\Generated_Source\PSoC5/isr_eoc.c **** 
 178:.\Generated_Source\PSoC5/isr_eoc.c **** /*******************************************************************************
 179:.\Generated_Source\PSoC5/isr_eoc.c **** * Function Name: isr_eoc_SetVector
 180:.\Generated_Source\PSoC5/isr_eoc.c **** ********************************************************************************
 181:.\Generated_Source\PSoC5/isr_eoc.c **** *
 182:.\Generated_Source\PSoC5/isr_eoc.c **** * Summary:
 183:.\Generated_Source\PSoC5/isr_eoc.c **** *   Change the ISR vector for the Interrupt. Note calling isr_eoc_Start
 184:.\Generated_Source\PSoC5/isr_eoc.c **** *   will override any effect this method would have had. To set the vector 
 185:.\Generated_Source\PSoC5/isr_eoc.c **** *   before the component has been started use isr_eoc_StartEx instead.
 186:.\Generated_Source\PSoC5/isr_eoc.c **** * 
 187:.\Generated_Source\PSoC5/isr_eoc.c **** *   When defining ISR functions, the CY_ISR and CY_ISR_PROTO macros should be 
 188:.\Generated_Source\PSoC5/isr_eoc.c **** *   used to provide consistent definition across compilers:
 189:.\Generated_Source\PSoC5/isr_eoc.c **** *
 190:.\Generated_Source\PSoC5/isr_eoc.c **** *   Function definition example:
 191:.\Generated_Source\PSoC5/isr_eoc.c **** *   CY_ISR(MyISR)
 192:.\Generated_Source\PSoC5/isr_eoc.c **** *   {
 193:.\Generated_Source\PSoC5/isr_eoc.c **** *   }
 194:.\Generated_Source\PSoC5/isr_eoc.c **** *
 195:.\Generated_Source\PSoC5/isr_eoc.c **** *   Function prototype example:
 196:.\Generated_Source\PSoC5/isr_eoc.c **** *     CY_ISR_PROTO(MyISR);
 197:.\Generated_Source\PSoC5/isr_eoc.c **** *
 198:.\Generated_Source\PSoC5/isr_eoc.c **** * Parameters:
 199:.\Generated_Source\PSoC5/isr_eoc.c **** *   address: Address of the ISR to set in the interrupt vector table.
 200:.\Generated_Source\PSoC5/isr_eoc.c **** *
 201:.\Generated_Source\PSoC5/isr_eoc.c **** * Return:
 202:.\Generated_Source\PSoC5/isr_eoc.c **** *   None
 203:.\Generated_Source\PSoC5/isr_eoc.c **** *
 204:.\Generated_Source\PSoC5/isr_eoc.c **** *******************************************************************************/
 205:.\Generated_Source\PSoC5/isr_eoc.c **** void isr_eoc_SetVector(cyisraddress address)
 206:.\Generated_Source\PSoC5/isr_eoc.c **** {
 175              		.loc 1 206 0
 176              		.cfi_startproc
 177              		@ args = 0, pretend = 0, frame = 16
 178              		@ frame_needed = 1, uses_anonymous_args = 0
 179              		@ link register save eliminated.
 180 0000 80B4     		push	{r7}
 181              		.cfi_def_cfa_offset 4
 182              		.cfi_offset 7, -4
 183 0002 85B0     		sub	sp, sp, #20
 184              		.cfi_def_cfa_offset 24
 185 0004 00AF     		add	r7, sp, #0
 186              		.cfi_def_cfa_register 7
 187 0006 7860     		str	r0, [r7, #4]
 207:.\Generated_Source\PSoC5/isr_eoc.c ****     cyisraddress * ramVectorTable;
 208:.\Generated_Source\PSoC5/isr_eoc.c **** 
 209:.\Generated_Source\PSoC5/isr_eoc.c ****     ramVectorTable = (cyisraddress *) *CYINT_VECT_TABLE;
 188              		.loc 1 209 0
 189 0008 054B     		ldr	r3, .L12
 190 000a 1B68     		ldr	r3, [r3]
ARM GAS  C:\Users\louis\AppData\Local\Temp\ccvEL5JY.s 			page 8


 191 000c FB60     		str	r3, [r7, #12]
 210:.\Generated_Source\PSoC5/isr_eoc.c **** 
 211:.\Generated_Source\PSoC5/isr_eoc.c ****     ramVectorTable[CYINT_IRQ_BASE + (uint32)isr_eoc__INTC_NUMBER] = address;
 192              		.loc 1 211 0
 193 000e FB68     		ldr	r3, [r7, #12]
 194 0010 5C33     		adds	r3, r3, #92
 195 0012 7A68     		ldr	r2, [r7, #4]
 196 0014 1A60     		str	r2, [r3]
 212:.\Generated_Source\PSoC5/isr_eoc.c **** }
 197              		.loc 1 212 0
 198 0016 1437     		adds	r7, r7, #20
 199              		.cfi_def_cfa_offset 4
 200 0018 BD46     		mov	sp, r7
 201              		.cfi_def_cfa_register 13
 202              		@ sp needed
 203 001a 5DF8047B 		ldr	r7, [sp], #4
 204              		.cfi_restore 7
 205              		.cfi_def_cfa_offset 0
 206 001e 7047     		bx	lr
 207              	.L13:
 208              		.align	2
 209              	.L12:
 210 0020 08ED00E0 		.word	-536810232
 211              		.cfi_endproc
 212              	.LFE67:
 213              		.size	isr_eoc_SetVector, .-isr_eoc_SetVector
 214              		.section	.text.isr_eoc_GetVector,"ax",%progbits
 215              		.align	2
 216              		.global	isr_eoc_GetVector
 217              		.thumb
 218              		.thumb_func
 219              		.type	isr_eoc_GetVector, %function
 220              	isr_eoc_GetVector:
 221              	.LFB68:
 213:.\Generated_Source\PSoC5/isr_eoc.c **** 
 214:.\Generated_Source\PSoC5/isr_eoc.c **** 
 215:.\Generated_Source\PSoC5/isr_eoc.c **** /*******************************************************************************
 216:.\Generated_Source\PSoC5/isr_eoc.c **** * Function Name: isr_eoc_GetVector
 217:.\Generated_Source\PSoC5/isr_eoc.c **** ********************************************************************************
 218:.\Generated_Source\PSoC5/isr_eoc.c **** *
 219:.\Generated_Source\PSoC5/isr_eoc.c **** * Summary:
 220:.\Generated_Source\PSoC5/isr_eoc.c **** *   Gets the "address" of the current ISR vector for the Interrupt.
 221:.\Generated_Source\PSoC5/isr_eoc.c **** *
 222:.\Generated_Source\PSoC5/isr_eoc.c **** * Parameters:
 223:.\Generated_Source\PSoC5/isr_eoc.c **** *   None
 224:.\Generated_Source\PSoC5/isr_eoc.c **** *
 225:.\Generated_Source\PSoC5/isr_eoc.c **** * Return:
 226:.\Generated_Source\PSoC5/isr_eoc.c **** *   Address of the ISR in the interrupt vector table.
 227:.\Generated_Source\PSoC5/isr_eoc.c **** *
 228:.\Generated_Source\PSoC5/isr_eoc.c **** *******************************************************************************/
 229:.\Generated_Source\PSoC5/isr_eoc.c **** cyisraddress isr_eoc_GetVector(void)
 230:.\Generated_Source\PSoC5/isr_eoc.c **** {
 222              		.loc 1 230 0
 223              		.cfi_startproc
 224              		@ args = 0, pretend = 0, frame = 8
 225              		@ frame_needed = 1, uses_anonymous_args = 0
 226              		@ link register save eliminated.
ARM GAS  C:\Users\louis\AppData\Local\Temp\ccvEL5JY.s 			page 9


 227 0000 80B4     		push	{r7}
 228              		.cfi_def_cfa_offset 4
 229              		.cfi_offset 7, -4
 230 0002 83B0     		sub	sp, sp, #12
 231              		.cfi_def_cfa_offset 16
 232 0004 00AF     		add	r7, sp, #0
 233              		.cfi_def_cfa_register 7
 231:.\Generated_Source\PSoC5/isr_eoc.c ****     cyisraddress * ramVectorTable;
 232:.\Generated_Source\PSoC5/isr_eoc.c **** 
 233:.\Generated_Source\PSoC5/isr_eoc.c ****     ramVectorTable = (cyisraddress *) *CYINT_VECT_TABLE;
 234              		.loc 1 233 0
 235 0006 054B     		ldr	r3, .L16
 236 0008 1B68     		ldr	r3, [r3]
 237 000a 7B60     		str	r3, [r7, #4]
 234:.\Generated_Source\PSoC5/isr_eoc.c **** 
 235:.\Generated_Source\PSoC5/isr_eoc.c ****     return ramVectorTable[CYINT_IRQ_BASE + (uint32)isr_eoc__INTC_NUMBER];
 238              		.loc 1 235 0
 239 000c 7B68     		ldr	r3, [r7, #4]
 240 000e DB6D     		ldr	r3, [r3, #92]
 236:.\Generated_Source\PSoC5/isr_eoc.c **** }
 241              		.loc 1 236 0
 242 0010 1846     		mov	r0, r3
 243 0012 0C37     		adds	r7, r7, #12
 244              		.cfi_def_cfa_offset 4
 245 0014 BD46     		mov	sp, r7
 246              		.cfi_def_cfa_register 13
 247              		@ sp needed
 248 0016 5DF8047B 		ldr	r7, [sp], #4
 249              		.cfi_restore 7
 250              		.cfi_def_cfa_offset 0
 251 001a 7047     		bx	lr
 252              	.L17:
 253              		.align	2
 254              	.L16:
 255 001c 08ED00E0 		.word	-536810232
 256              		.cfi_endproc
 257              	.LFE68:
 258              		.size	isr_eoc_GetVector, .-isr_eoc_GetVector
 259              		.section	.text.isr_eoc_SetPriority,"ax",%progbits
 260              		.align	2
 261              		.global	isr_eoc_SetPriority
 262              		.thumb
 263              		.thumb_func
 264              		.type	isr_eoc_SetPriority, %function
 265              	isr_eoc_SetPriority:
 266              	.LFB69:
 237:.\Generated_Source\PSoC5/isr_eoc.c **** 
 238:.\Generated_Source\PSoC5/isr_eoc.c **** 
 239:.\Generated_Source\PSoC5/isr_eoc.c **** /*******************************************************************************
 240:.\Generated_Source\PSoC5/isr_eoc.c **** * Function Name: isr_eoc_SetPriority
 241:.\Generated_Source\PSoC5/isr_eoc.c **** ********************************************************************************
 242:.\Generated_Source\PSoC5/isr_eoc.c **** *
 243:.\Generated_Source\PSoC5/isr_eoc.c **** * Summary:
 244:.\Generated_Source\PSoC5/isr_eoc.c **** *   Sets the Priority of the Interrupt. 
 245:.\Generated_Source\PSoC5/isr_eoc.c **** *
 246:.\Generated_Source\PSoC5/isr_eoc.c **** *   Note calling isr_eoc_Start or isr_eoc_StartEx will 
 247:.\Generated_Source\PSoC5/isr_eoc.c **** *   override any effect this API would have had. This API should only be called
ARM GAS  C:\Users\louis\AppData\Local\Temp\ccvEL5JY.s 			page 10


 248:.\Generated_Source\PSoC5/isr_eoc.c **** *   after isr_eoc_Start or isr_eoc_StartEx has been called. 
 249:.\Generated_Source\PSoC5/isr_eoc.c **** *   To set the initial priority for the component, use the Design-Wide Resources
 250:.\Generated_Source\PSoC5/isr_eoc.c **** *   Interrupt Editor.
 251:.\Generated_Source\PSoC5/isr_eoc.c **** *
 252:.\Generated_Source\PSoC5/isr_eoc.c **** *   Note This API has no effect on Non-maskable interrupt NMI).
 253:.\Generated_Source\PSoC5/isr_eoc.c **** *
 254:.\Generated_Source\PSoC5/isr_eoc.c **** * Parameters:
 255:.\Generated_Source\PSoC5/isr_eoc.c **** *   priority: Priority of the interrupt, 0 being the highest priority
 256:.\Generated_Source\PSoC5/isr_eoc.c **** *             PSoC 3 and PSoC 5LP: Priority is from 0 to 7.
 257:.\Generated_Source\PSoC5/isr_eoc.c **** *             PSoC 4: Priority is from 0 to 3.
 258:.\Generated_Source\PSoC5/isr_eoc.c **** *
 259:.\Generated_Source\PSoC5/isr_eoc.c **** * Return:
 260:.\Generated_Source\PSoC5/isr_eoc.c **** *   None
 261:.\Generated_Source\PSoC5/isr_eoc.c **** *
 262:.\Generated_Source\PSoC5/isr_eoc.c **** *******************************************************************************/
 263:.\Generated_Source\PSoC5/isr_eoc.c **** void isr_eoc_SetPriority(uint8 priority)
 264:.\Generated_Source\PSoC5/isr_eoc.c **** {
 267              		.loc 1 264 0
 268              		.cfi_startproc
 269              		@ args = 0, pretend = 0, frame = 8
 270              		@ frame_needed = 1, uses_anonymous_args = 0
 271              		@ link register save eliminated.
 272 0000 80B4     		push	{r7}
 273              		.cfi_def_cfa_offset 4
 274              		.cfi_offset 7, -4
 275 0002 83B0     		sub	sp, sp, #12
 276              		.cfi_def_cfa_offset 16
 277 0004 00AF     		add	r7, sp, #0
 278              		.cfi_def_cfa_register 7
 279 0006 0346     		mov	r3, r0
 280 0008 FB71     		strb	r3, [r7, #7]
 265:.\Generated_Source\PSoC5/isr_eoc.c ****     *isr_eoc_INTC_PRIOR = priority << 5;
 281              		.loc 1 265 0
 282 000a 054A     		ldr	r2, .L19
 283 000c FB79     		ldrb	r3, [r7, #7]
 284 000e 5B01     		lsls	r3, r3, #5
 285 0010 DBB2     		uxtb	r3, r3
 286 0012 1370     		strb	r3, [r2]
 266:.\Generated_Source\PSoC5/isr_eoc.c **** }
 287              		.loc 1 266 0
 288 0014 0C37     		adds	r7, r7, #12
 289              		.cfi_def_cfa_offset 4
 290 0016 BD46     		mov	sp, r7
 291              		.cfi_def_cfa_register 13
 292              		@ sp needed
 293 0018 5DF8047B 		ldr	r7, [sp], #4
 294              		.cfi_restore 7
 295              		.cfi_def_cfa_offset 0
 296 001c 7047     		bx	lr
 297              	.L20:
 298 001e 00BF     		.align	2
 299              	.L19:
 300 0020 07E400E0 		.word	-536812537
 301              		.cfi_endproc
 302              	.LFE69:
 303              		.size	isr_eoc_SetPriority, .-isr_eoc_SetPriority
 304              		.section	.text.isr_eoc_GetPriority,"ax",%progbits
ARM GAS  C:\Users\louis\AppData\Local\Temp\ccvEL5JY.s 			page 11


 305              		.align	2
 306              		.global	isr_eoc_GetPriority
 307              		.thumb
 308              		.thumb_func
 309              		.type	isr_eoc_GetPriority, %function
 310              	isr_eoc_GetPriority:
 311              	.LFB70:
 267:.\Generated_Source\PSoC5/isr_eoc.c **** 
 268:.\Generated_Source\PSoC5/isr_eoc.c **** 
 269:.\Generated_Source\PSoC5/isr_eoc.c **** /*******************************************************************************
 270:.\Generated_Source\PSoC5/isr_eoc.c **** * Function Name: isr_eoc_GetPriority
 271:.\Generated_Source\PSoC5/isr_eoc.c **** ********************************************************************************
 272:.\Generated_Source\PSoC5/isr_eoc.c **** *
 273:.\Generated_Source\PSoC5/isr_eoc.c **** * Summary:
 274:.\Generated_Source\PSoC5/isr_eoc.c **** *   Gets the Priority of the Interrupt.
 275:.\Generated_Source\PSoC5/isr_eoc.c **** *
 276:.\Generated_Source\PSoC5/isr_eoc.c **** * Parameters:
 277:.\Generated_Source\PSoC5/isr_eoc.c **** *   None
 278:.\Generated_Source\PSoC5/isr_eoc.c **** *
 279:.\Generated_Source\PSoC5/isr_eoc.c **** * Return:
 280:.\Generated_Source\PSoC5/isr_eoc.c **** *   Priority of the interrupt, 0 being the highest priority
 281:.\Generated_Source\PSoC5/isr_eoc.c **** *    PSoC 3 and PSoC 5LP: Priority is from 0 to 7.
 282:.\Generated_Source\PSoC5/isr_eoc.c **** *    PSoC 4: Priority is from 0 to 3.
 283:.\Generated_Source\PSoC5/isr_eoc.c **** *
 284:.\Generated_Source\PSoC5/isr_eoc.c **** *******************************************************************************/
 285:.\Generated_Source\PSoC5/isr_eoc.c **** uint8 isr_eoc_GetPriority(void)
 286:.\Generated_Source\PSoC5/isr_eoc.c **** {
 312              		.loc 1 286 0
 313              		.cfi_startproc
 314              		@ args = 0, pretend = 0, frame = 8
 315              		@ frame_needed = 1, uses_anonymous_args = 0
 316              		@ link register save eliminated.
 317 0000 80B4     		push	{r7}
 318              		.cfi_def_cfa_offset 4
 319              		.cfi_offset 7, -4
 320 0002 83B0     		sub	sp, sp, #12
 321              		.cfi_def_cfa_offset 16
 322 0004 00AF     		add	r7, sp, #0
 323              		.cfi_def_cfa_register 7
 287:.\Generated_Source\PSoC5/isr_eoc.c ****     uint8 priority;
 288:.\Generated_Source\PSoC5/isr_eoc.c **** 
 289:.\Generated_Source\PSoC5/isr_eoc.c **** 
 290:.\Generated_Source\PSoC5/isr_eoc.c ****     priority = *isr_eoc_INTC_PRIOR >> 5;
 324              		.loc 1 290 0
 325 0006 064B     		ldr	r3, .L23
 326 0008 1B78     		ldrb	r3, [r3]
 327 000a DBB2     		uxtb	r3, r3
 328 000c 5B09     		lsrs	r3, r3, #5
 329 000e FB71     		strb	r3, [r7, #7]
 291:.\Generated_Source\PSoC5/isr_eoc.c **** 
 292:.\Generated_Source\PSoC5/isr_eoc.c ****     return priority;
 330              		.loc 1 292 0
 331 0010 FB79     		ldrb	r3, [r7, #7]	@ zero_extendqisi2
 293:.\Generated_Source\PSoC5/isr_eoc.c **** }
 332              		.loc 1 293 0
 333 0012 1846     		mov	r0, r3
 334 0014 0C37     		adds	r7, r7, #12
ARM GAS  C:\Users\louis\AppData\Local\Temp\ccvEL5JY.s 			page 12


 335              		.cfi_def_cfa_offset 4
 336 0016 BD46     		mov	sp, r7
 337              		.cfi_def_cfa_register 13
 338              		@ sp needed
 339 0018 5DF8047B 		ldr	r7, [sp], #4
 340              		.cfi_restore 7
 341              		.cfi_def_cfa_offset 0
 342 001c 7047     		bx	lr
 343              	.L24:
 344 001e 00BF     		.align	2
 345              	.L23:
 346 0020 07E400E0 		.word	-536812537
 347              		.cfi_endproc
 348              	.LFE70:
 349              		.size	isr_eoc_GetPriority, .-isr_eoc_GetPriority
 350              		.section	.text.isr_eoc_Enable,"ax",%progbits
 351              		.align	2
 352              		.global	isr_eoc_Enable
 353              		.thumb
 354              		.thumb_func
 355              		.type	isr_eoc_Enable, %function
 356              	isr_eoc_Enable:
 357              	.LFB71:
 294:.\Generated_Source\PSoC5/isr_eoc.c **** 
 295:.\Generated_Source\PSoC5/isr_eoc.c **** 
 296:.\Generated_Source\PSoC5/isr_eoc.c **** /*******************************************************************************
 297:.\Generated_Source\PSoC5/isr_eoc.c **** * Function Name: isr_eoc_Enable
 298:.\Generated_Source\PSoC5/isr_eoc.c **** ********************************************************************************
 299:.\Generated_Source\PSoC5/isr_eoc.c **** *
 300:.\Generated_Source\PSoC5/isr_eoc.c **** * Summary:
 301:.\Generated_Source\PSoC5/isr_eoc.c **** *   Enables the interrupt to the interrupt controller. Do not call this function
 302:.\Generated_Source\PSoC5/isr_eoc.c **** *   unless ISR_Start() has been called or the functionality of the ISR_Start() 
 303:.\Generated_Source\PSoC5/isr_eoc.c **** *   function, which sets the vector and the priority, has been called.
 304:.\Generated_Source\PSoC5/isr_eoc.c **** *
 305:.\Generated_Source\PSoC5/isr_eoc.c **** * Parameters:
 306:.\Generated_Source\PSoC5/isr_eoc.c **** *   None
 307:.\Generated_Source\PSoC5/isr_eoc.c **** *
 308:.\Generated_Source\PSoC5/isr_eoc.c **** * Return:
 309:.\Generated_Source\PSoC5/isr_eoc.c **** *   None
 310:.\Generated_Source\PSoC5/isr_eoc.c **** *
 311:.\Generated_Source\PSoC5/isr_eoc.c **** *******************************************************************************/
 312:.\Generated_Source\PSoC5/isr_eoc.c **** void isr_eoc_Enable(void)
 313:.\Generated_Source\PSoC5/isr_eoc.c **** {
 358              		.loc 1 313 0
 359              		.cfi_startproc
 360              		@ args = 0, pretend = 0, frame = 0
 361              		@ frame_needed = 1, uses_anonymous_args = 0
 362              		@ link register save eliminated.
 363 0000 80B4     		push	{r7}
 364              		.cfi_def_cfa_offset 4
 365              		.cfi_offset 7, -4
 366 0002 00AF     		add	r7, sp, #0
 367              		.cfi_def_cfa_register 7
 314:.\Generated_Source\PSoC5/isr_eoc.c ****     /* Enable the general interrupt. */
 315:.\Generated_Source\PSoC5/isr_eoc.c ****     *isr_eoc_INTC_SET_EN = isr_eoc__INTC_MASK;
 368              		.loc 1 315 0
 369 0004 034B     		ldr	r3, .L26
ARM GAS  C:\Users\louis\AppData\Local\Temp\ccvEL5JY.s 			page 13


 370 0006 8022     		movs	r2, #128
 371 0008 1A60     		str	r2, [r3]
 316:.\Generated_Source\PSoC5/isr_eoc.c **** }
 372              		.loc 1 316 0
 373 000a BD46     		mov	sp, r7
 374              		.cfi_def_cfa_register 13
 375              		@ sp needed
 376 000c 5DF8047B 		ldr	r7, [sp], #4
 377              		.cfi_restore 7
 378              		.cfi_def_cfa_offset 0
 379 0010 7047     		bx	lr
 380              	.L27:
 381 0012 00BF     		.align	2
 382              	.L26:
 383 0014 00E100E0 		.word	-536813312
 384              		.cfi_endproc
 385              	.LFE71:
 386              		.size	isr_eoc_Enable, .-isr_eoc_Enable
 387              		.section	.text.isr_eoc_GetState,"ax",%progbits
 388              		.align	2
 389              		.global	isr_eoc_GetState
 390              		.thumb
 391              		.thumb_func
 392              		.type	isr_eoc_GetState, %function
 393              	isr_eoc_GetState:
 394              	.LFB72:
 317:.\Generated_Source\PSoC5/isr_eoc.c **** 
 318:.\Generated_Source\PSoC5/isr_eoc.c **** 
 319:.\Generated_Source\PSoC5/isr_eoc.c **** /*******************************************************************************
 320:.\Generated_Source\PSoC5/isr_eoc.c **** * Function Name: isr_eoc_GetState
 321:.\Generated_Source\PSoC5/isr_eoc.c **** ********************************************************************************
 322:.\Generated_Source\PSoC5/isr_eoc.c **** *
 323:.\Generated_Source\PSoC5/isr_eoc.c **** * Summary:
 324:.\Generated_Source\PSoC5/isr_eoc.c **** *   Gets the state (enabled, disabled) of the Interrupt.
 325:.\Generated_Source\PSoC5/isr_eoc.c **** *
 326:.\Generated_Source\PSoC5/isr_eoc.c **** * Parameters:
 327:.\Generated_Source\PSoC5/isr_eoc.c **** *   None
 328:.\Generated_Source\PSoC5/isr_eoc.c **** *
 329:.\Generated_Source\PSoC5/isr_eoc.c **** * Return:
 330:.\Generated_Source\PSoC5/isr_eoc.c **** *   1 if enabled, 0 if disabled.
 331:.\Generated_Source\PSoC5/isr_eoc.c **** *
 332:.\Generated_Source\PSoC5/isr_eoc.c **** *******************************************************************************/
 333:.\Generated_Source\PSoC5/isr_eoc.c **** uint8 isr_eoc_GetState(void)
 334:.\Generated_Source\PSoC5/isr_eoc.c **** {
 395              		.loc 1 334 0
 396              		.cfi_startproc
 397              		@ args = 0, pretend = 0, frame = 0
 398              		@ frame_needed = 1, uses_anonymous_args = 0
 399              		@ link register save eliminated.
 400 0000 80B4     		push	{r7}
 401              		.cfi_def_cfa_offset 4
 402              		.cfi_offset 7, -4
 403 0002 00AF     		add	r7, sp, #0
 404              		.cfi_def_cfa_register 7
 335:.\Generated_Source\PSoC5/isr_eoc.c ****     /* Get the state of the general interrupt. */
 336:.\Generated_Source\PSoC5/isr_eoc.c ****     return ((*isr_eoc_INTC_SET_EN & (uint32)isr_eoc__INTC_MASK) != 0u) ? 1u:0u;
 405              		.loc 1 336 0
ARM GAS  C:\Users\louis\AppData\Local\Temp\ccvEL5JY.s 			page 14


 406 0004 064B     		ldr	r3, .L32
 407 0006 1B68     		ldr	r3, [r3]
 408 0008 03F08003 		and	r3, r3, #128
 409 000c 002B     		cmp	r3, #0
 410 000e 01D0     		beq	.L29
 411              		.loc 1 336 0 is_stmt 0 discriminator 1
 412 0010 0123     		movs	r3, #1
 413 0012 00E0     		b	.L30
 414              	.L29:
 415              		.loc 1 336 0 discriminator 2
 416 0014 0023     		movs	r3, #0
 417              	.L30:
 337:.\Generated_Source\PSoC5/isr_eoc.c **** }
 418              		.loc 1 337 0 is_stmt 1 discriminator 4
 419 0016 1846     		mov	r0, r3
 420 0018 BD46     		mov	sp, r7
 421              		.cfi_def_cfa_register 13
 422              		@ sp needed
 423 001a 5DF8047B 		ldr	r7, [sp], #4
 424              		.cfi_restore 7
 425              		.cfi_def_cfa_offset 0
 426 001e 7047     		bx	lr
 427              	.L33:
 428              		.align	2
 429              	.L32:
 430 0020 00E100E0 		.word	-536813312
 431              		.cfi_endproc
 432              	.LFE72:
 433              		.size	isr_eoc_GetState, .-isr_eoc_GetState
 434              		.section	.text.isr_eoc_Disable,"ax",%progbits
 435              		.align	2
 436              		.global	isr_eoc_Disable
 437              		.thumb
 438              		.thumb_func
 439              		.type	isr_eoc_Disable, %function
 440              	isr_eoc_Disable:
 441              	.LFB73:
 338:.\Generated_Source\PSoC5/isr_eoc.c **** 
 339:.\Generated_Source\PSoC5/isr_eoc.c **** 
 340:.\Generated_Source\PSoC5/isr_eoc.c **** /*******************************************************************************
 341:.\Generated_Source\PSoC5/isr_eoc.c **** * Function Name: isr_eoc_Disable
 342:.\Generated_Source\PSoC5/isr_eoc.c **** ********************************************************************************
 343:.\Generated_Source\PSoC5/isr_eoc.c **** *
 344:.\Generated_Source\PSoC5/isr_eoc.c **** * Summary:
 345:.\Generated_Source\PSoC5/isr_eoc.c **** *   Disables the Interrupt in the interrupt controller.
 346:.\Generated_Source\PSoC5/isr_eoc.c **** *
 347:.\Generated_Source\PSoC5/isr_eoc.c **** * Parameters:
 348:.\Generated_Source\PSoC5/isr_eoc.c **** *   None
 349:.\Generated_Source\PSoC5/isr_eoc.c **** *
 350:.\Generated_Source\PSoC5/isr_eoc.c **** * Return:
 351:.\Generated_Source\PSoC5/isr_eoc.c **** *   None
 352:.\Generated_Source\PSoC5/isr_eoc.c **** *
 353:.\Generated_Source\PSoC5/isr_eoc.c **** *******************************************************************************/
 354:.\Generated_Source\PSoC5/isr_eoc.c **** void isr_eoc_Disable(void)
 355:.\Generated_Source\PSoC5/isr_eoc.c **** {
 442              		.loc 1 355 0
 443              		.cfi_startproc
ARM GAS  C:\Users\louis\AppData\Local\Temp\ccvEL5JY.s 			page 15


 444              		@ args = 0, pretend = 0, frame = 0
 445              		@ frame_needed = 1, uses_anonymous_args = 0
 446              		@ link register save eliminated.
 447 0000 80B4     		push	{r7}
 448              		.cfi_def_cfa_offset 4
 449              		.cfi_offset 7, -4
 450 0002 00AF     		add	r7, sp, #0
 451              		.cfi_def_cfa_register 7
 356:.\Generated_Source\PSoC5/isr_eoc.c ****     /* Disable the general interrupt. */
 357:.\Generated_Source\PSoC5/isr_eoc.c ****     *isr_eoc_INTC_CLR_EN = isr_eoc__INTC_MASK;
 452              		.loc 1 357 0
 453 0004 034B     		ldr	r3, .L35
 454 0006 8022     		movs	r2, #128
 455 0008 1A60     		str	r2, [r3]
 358:.\Generated_Source\PSoC5/isr_eoc.c **** }
 456              		.loc 1 358 0
 457 000a BD46     		mov	sp, r7
 458              		.cfi_def_cfa_register 13
 459              		@ sp needed
 460 000c 5DF8047B 		ldr	r7, [sp], #4
 461              		.cfi_restore 7
 462              		.cfi_def_cfa_offset 0
 463 0010 7047     		bx	lr
 464              	.L36:
 465 0012 00BF     		.align	2
 466              	.L35:
 467 0014 80E100E0 		.word	-536813184
 468              		.cfi_endproc
 469              	.LFE73:
 470              		.size	isr_eoc_Disable, .-isr_eoc_Disable
 471              		.section	.text.isr_eoc_SetPending,"ax",%progbits
 472              		.align	2
 473              		.global	isr_eoc_SetPending
 474              		.thumb
 475              		.thumb_func
 476              		.type	isr_eoc_SetPending, %function
 477              	isr_eoc_SetPending:
 478              	.LFB74:
 359:.\Generated_Source\PSoC5/isr_eoc.c **** 
 360:.\Generated_Source\PSoC5/isr_eoc.c **** 
 361:.\Generated_Source\PSoC5/isr_eoc.c **** /*******************************************************************************
 362:.\Generated_Source\PSoC5/isr_eoc.c **** * Function Name: isr_eoc_SetPending
 363:.\Generated_Source\PSoC5/isr_eoc.c **** ********************************************************************************
 364:.\Generated_Source\PSoC5/isr_eoc.c **** *
 365:.\Generated_Source\PSoC5/isr_eoc.c **** * Summary:
 366:.\Generated_Source\PSoC5/isr_eoc.c **** *   Causes the Interrupt to enter the pending state, a software method of
 367:.\Generated_Source\PSoC5/isr_eoc.c **** *   generating the interrupt.
 368:.\Generated_Source\PSoC5/isr_eoc.c **** *
 369:.\Generated_Source\PSoC5/isr_eoc.c **** * Parameters:
 370:.\Generated_Source\PSoC5/isr_eoc.c **** *   None
 371:.\Generated_Source\PSoC5/isr_eoc.c **** *
 372:.\Generated_Source\PSoC5/isr_eoc.c **** * Return:
 373:.\Generated_Source\PSoC5/isr_eoc.c **** *   None
 374:.\Generated_Source\PSoC5/isr_eoc.c **** *
 375:.\Generated_Source\PSoC5/isr_eoc.c **** * Side Effects:
 376:.\Generated_Source\PSoC5/isr_eoc.c **** *   If interrupts are enabled and the interrupt is set up properly, the ISR is
 377:.\Generated_Source\PSoC5/isr_eoc.c **** *   entered (depending on the priority of this interrupt and other pending 
ARM GAS  C:\Users\louis\AppData\Local\Temp\ccvEL5JY.s 			page 16


 378:.\Generated_Source\PSoC5/isr_eoc.c **** *   interrupts).
 379:.\Generated_Source\PSoC5/isr_eoc.c **** *
 380:.\Generated_Source\PSoC5/isr_eoc.c **** *******************************************************************************/
 381:.\Generated_Source\PSoC5/isr_eoc.c **** void isr_eoc_SetPending(void)
 382:.\Generated_Source\PSoC5/isr_eoc.c **** {
 479              		.loc 1 382 0
 480              		.cfi_startproc
 481              		@ args = 0, pretend = 0, frame = 0
 482              		@ frame_needed = 1, uses_anonymous_args = 0
 483              		@ link register save eliminated.
 484 0000 80B4     		push	{r7}
 485              		.cfi_def_cfa_offset 4
 486              		.cfi_offset 7, -4
 487 0002 00AF     		add	r7, sp, #0
 488              		.cfi_def_cfa_register 7
 383:.\Generated_Source\PSoC5/isr_eoc.c ****     *isr_eoc_INTC_SET_PD = isr_eoc__INTC_MASK;
 489              		.loc 1 383 0
 490 0004 034B     		ldr	r3, .L38
 491 0006 8022     		movs	r2, #128
 492 0008 1A60     		str	r2, [r3]
 384:.\Generated_Source\PSoC5/isr_eoc.c **** }
 493              		.loc 1 384 0
 494 000a BD46     		mov	sp, r7
 495              		.cfi_def_cfa_register 13
 496              		@ sp needed
 497 000c 5DF8047B 		ldr	r7, [sp], #4
 498              		.cfi_restore 7
 499              		.cfi_def_cfa_offset 0
 500 0010 7047     		bx	lr
 501              	.L39:
 502 0012 00BF     		.align	2
 503              	.L38:
 504 0014 00E200E0 		.word	-536813056
 505              		.cfi_endproc
 506              	.LFE74:
 507              		.size	isr_eoc_SetPending, .-isr_eoc_SetPending
 508              		.section	.text.isr_eoc_ClearPending,"ax",%progbits
 509              		.align	2
 510              		.global	isr_eoc_ClearPending
 511              		.thumb
 512              		.thumb_func
 513              		.type	isr_eoc_ClearPending, %function
 514              	isr_eoc_ClearPending:
 515              	.LFB75:
 385:.\Generated_Source\PSoC5/isr_eoc.c **** 
 386:.\Generated_Source\PSoC5/isr_eoc.c **** 
 387:.\Generated_Source\PSoC5/isr_eoc.c **** /*******************************************************************************
 388:.\Generated_Source\PSoC5/isr_eoc.c **** * Function Name: isr_eoc_ClearPending
 389:.\Generated_Source\PSoC5/isr_eoc.c **** ********************************************************************************
 390:.\Generated_Source\PSoC5/isr_eoc.c **** *
 391:.\Generated_Source\PSoC5/isr_eoc.c **** * Summary:
 392:.\Generated_Source\PSoC5/isr_eoc.c **** *   Clears a pending interrupt in the interrupt controller.
 393:.\Generated_Source\PSoC5/isr_eoc.c **** *
 394:.\Generated_Source\PSoC5/isr_eoc.c **** *   Note Some interrupt sources are clear-on-read and require the block 
 395:.\Generated_Source\PSoC5/isr_eoc.c **** *   interrupt/status register to be read/cleared with the appropriate block API 
 396:.\Generated_Source\PSoC5/isr_eoc.c **** *   (GPIO, UART, and so on). Otherwise the ISR will continue to remain in 
 397:.\Generated_Source\PSoC5/isr_eoc.c **** *   pending state even though the interrupt itself is cleared using this API.
ARM GAS  C:\Users\louis\AppData\Local\Temp\ccvEL5JY.s 			page 17


 398:.\Generated_Source\PSoC5/isr_eoc.c **** *
 399:.\Generated_Source\PSoC5/isr_eoc.c **** * Parameters:
 400:.\Generated_Source\PSoC5/isr_eoc.c **** *   None
 401:.\Generated_Source\PSoC5/isr_eoc.c **** *
 402:.\Generated_Source\PSoC5/isr_eoc.c **** * Return:
 403:.\Generated_Source\PSoC5/isr_eoc.c **** *   None
 404:.\Generated_Source\PSoC5/isr_eoc.c **** *
 405:.\Generated_Source\PSoC5/isr_eoc.c **** *******************************************************************************/
 406:.\Generated_Source\PSoC5/isr_eoc.c **** void isr_eoc_ClearPending(void)
 407:.\Generated_Source\PSoC5/isr_eoc.c **** {
 516              		.loc 1 407 0
 517              		.cfi_startproc
 518              		@ args = 0, pretend = 0, frame = 0
 519              		@ frame_needed = 1, uses_anonymous_args = 0
 520              		@ link register save eliminated.
 521 0000 80B4     		push	{r7}
 522              		.cfi_def_cfa_offset 4
 523              		.cfi_offset 7, -4
 524 0002 00AF     		add	r7, sp, #0
 525              		.cfi_def_cfa_register 7
 408:.\Generated_Source\PSoC5/isr_eoc.c ****     *isr_eoc_INTC_CLR_PD = isr_eoc__INTC_MASK;
 526              		.loc 1 408 0
 527 0004 034B     		ldr	r3, .L41
 528 0006 8022     		movs	r2, #128
 529 0008 1A60     		str	r2, [r3]
 409:.\Generated_Source\PSoC5/isr_eoc.c **** }
 530              		.loc 1 409 0
 531 000a BD46     		mov	sp, r7
 532              		.cfi_def_cfa_register 13
 533              		@ sp needed
 534 000c 5DF8047B 		ldr	r7, [sp], #4
 535              		.cfi_restore 7
 536              		.cfi_def_cfa_offset 0
 537 0010 7047     		bx	lr
 538              	.L42:
 539 0012 00BF     		.align	2
 540              	.L41:
 541 0014 80E200E0 		.word	-536812928
 542              		.cfi_endproc
 543              	.LFE75:
 544              		.size	isr_eoc_ClearPending, .-isr_eoc_ClearPending
 545              		.text
 546              	.Letext0:
 547              		.file 2 "c:\\program files (x86)\\cypress\\psoc creator\\3.3\\psoc creator\\import\\gnu\\arm\\4.9.
 548              		.file 3 "c:\\program files (x86)\\cypress\\psoc creator\\3.3\\psoc creator\\import\\gnu\\arm\\4.9.
 549              		.file 4 "Generated_Source\\PSoC5/cytypes.h"
 550              		.file 5 "Generated_Source\\PSoC5/core_cm3.h"
 551              		.section	.debug_info,"",%progbits
 552              	.Ldebug_info0:
 553 0000 8F020000 		.4byte	0x28f
 554 0004 0400     		.2byte	0x4
 555 0006 00000000 		.4byte	.Ldebug_abbrev0
 556 000a 04       		.byte	0x4
 557 000b 01       		.uleb128 0x1
 558 000c 33000000 		.4byte	.LASF39
 559 0010 01       		.byte	0x1
 560 0011 0C020000 		.4byte	.LASF40
ARM GAS  C:\Users\louis\AppData\Local\Temp\ccvEL5JY.s 			page 18


 561 0015 7E020000 		.4byte	.LASF41
 562 0019 00000000 		.4byte	.Ldebug_ranges0+0
 563 001d 00000000 		.4byte	0
 564 0021 00000000 		.4byte	.Ldebug_line0
 565 0025 02       		.uleb128 0x2
 566 0026 04       		.byte	0x4
 567 0027 05       		.byte	0x5
 568 0028 696E7400 		.ascii	"int\000"
 569 002c 03       		.uleb128 0x3
 570 002d 04       		.byte	0x4
 571 002e 07       		.byte	0x7
 572 002f A2010000 		.4byte	.LASF0
 573 0033 03       		.uleb128 0x3
 574 0034 01       		.byte	0x1
 575 0035 06       		.byte	0x6
 576 0036 B6020000 		.4byte	.LASF1
 577 003a 03       		.uleb128 0x3
 578 003b 01       		.byte	0x1
 579 003c 08       		.byte	0x8
 580 003d FA000000 		.4byte	.LASF2
 581 0041 03       		.uleb128 0x3
 582 0042 02       		.byte	0x2
 583 0043 05       		.byte	0x5
 584 0044 44020000 		.4byte	.LASF3
 585 0048 03       		.uleb128 0x3
 586 0049 02       		.byte	0x2
 587 004a 07       		.byte	0x7
 588 004b 43010000 		.4byte	.LASF4
 589 004f 04       		.uleb128 0x4
 590 0050 29000000 		.4byte	.LASF11
 591 0054 02       		.byte	0x2
 592 0055 3F       		.byte	0x3f
 593 0056 5A000000 		.4byte	0x5a
 594 005a 03       		.uleb128 0x3
 595 005b 04       		.byte	0x4
 596 005c 05       		.byte	0x5
 597 005d 75020000 		.4byte	.LASF5
 598 0061 03       		.uleb128 0x3
 599 0062 04       		.byte	0x4
 600 0063 07       		.byte	0x7
 601 0064 31010000 		.4byte	.LASF6
 602 0068 03       		.uleb128 0x3
 603 0069 08       		.byte	0x8
 604 006a 05       		.byte	0x5
 605 006b F9010000 		.4byte	.LASF7
 606 006f 03       		.uleb128 0x3
 607 0070 08       		.byte	0x8
 608 0071 07       		.byte	0x7
 609 0072 B7010000 		.4byte	.LASF8
 610 0076 03       		.uleb128 0x3
 611 0077 04       		.byte	0x4
 612 0078 07       		.byte	0x7
 613 0079 F0010000 		.4byte	.LASF9
 614 007d 05       		.uleb128 0x5
 615 007e 04       		.byte	0x4
 616 007f 83000000 		.4byte	0x83
 617 0083 06       		.uleb128 0x6
ARM GAS  C:\Users\louis\AppData\Local\Temp\ccvEL5JY.s 			page 19


 618 0084 03       		.uleb128 0x3
 619 0085 01       		.byte	0x1
 620 0086 08       		.byte	0x8
 621 0087 07020000 		.4byte	.LASF10
 622 008b 04       		.uleb128 0x4
 623 008c E8010000 		.4byte	.LASF12
 624 0090 03       		.byte	0x3
 625 0091 2C       		.byte	0x2c
 626 0092 4F000000 		.4byte	0x4f
 627 0096 07       		.uleb128 0x7
 628 0097 4E020000 		.4byte	.LASF13
 629 009b 04       		.byte	0x4
 630 009c 9201     		.2byte	0x192
 631 009e 3A000000 		.4byte	0x3a
 632 00a2 07       		.uleb128 0x7
 633 00a3 94010000 		.4byte	.LASF14
 634 00a7 04       		.byte	0x4
 635 00a8 9301     		.2byte	0x193
 636 00aa 48000000 		.4byte	0x48
 637 00ae 07       		.uleb128 0x7
 638 00af 9B010000 		.4byte	.LASF15
 639 00b3 04       		.byte	0x4
 640 00b4 9401     		.2byte	0x194
 641 00b6 61000000 		.4byte	0x61
 642 00ba 03       		.uleb128 0x3
 643 00bb 04       		.byte	0x4
 644 00bc 04       		.byte	0x4
 645 00bd F4000000 		.4byte	.LASF16
 646 00c1 03       		.uleb128 0x3
 647 00c2 08       		.byte	0x8
 648 00c3 04       		.byte	0x4
 649 00c4 74010000 		.4byte	.LASF17
 650 00c8 07       		.uleb128 0x7
 651 00c9 18010000 		.4byte	.LASF18
 652 00cd 04       		.byte	0x4
 653 00ce 3C02     		.2byte	0x23c
 654 00d0 D4000000 		.4byte	0xd4
 655 00d4 08       		.uleb128 0x8
 656 00d5 96000000 		.4byte	0x96
 657 00d9 07       		.uleb128 0x7
 658 00da 00000000 		.4byte	.LASF19
 659 00de 04       		.byte	0x4
 660 00df 3E02     		.2byte	0x23e
 661 00e1 E5000000 		.4byte	0xe5
 662 00e5 08       		.uleb128 0x8
 663 00e6 AE000000 		.4byte	0xae
 664 00ea 07       		.uleb128 0x7
 665 00eb CE010000 		.4byte	.LASF20
 666 00ef 04       		.byte	0x4
 667 00f0 4E02     		.2byte	0x24e
 668 00f2 7D000000 		.4byte	0x7d
 669 00f6 09       		.uleb128 0x9
 670 00f7 D5020000 		.4byte	.LASF21
 671 00fb 01       		.byte	0x1
 672 00fc 40       		.byte	0x40
 673 00fd 00000000 		.4byte	.LFB63
 674 0101 20000000 		.4byte	.LFE63-.LFB63
ARM GAS  C:\Users\louis\AppData\Local\Temp\ccvEL5JY.s 			page 20


 675 0105 01       		.uleb128 0x1
 676 0106 9C       		.byte	0x9c
 677 0107 0A       		.uleb128 0xa
 678 0108 08010000 		.4byte	.LASF24
 679 010c 01       		.byte	0x1
 680 010d 6B       		.byte	0x6b
 681 010e 00000000 		.4byte	.LFB64
 682 0112 22000000 		.4byte	.LFE64-.LFB64
 683 0116 01       		.uleb128 0x1
 684 0117 9C       		.byte	0x9c
 685 0118 2B010000 		.4byte	0x12b
 686 011c 0B       		.uleb128 0xb
 687 011d AF010000 		.4byte	.LASF26
 688 0121 01       		.byte	0x1
 689 0122 6B       		.byte	0x6b
 690 0123 EA000000 		.4byte	0xea
 691 0127 02       		.uleb128 0x2
 692 0128 91       		.byte	0x91
 693 0129 74       		.sleb128 -12
 694 012a 00       		.byte	0
 695 012b 09       		.uleb128 0x9
 696 012c DB010000 		.4byte	.LASF22
 697 0130 01       		.byte	0x1
 698 0131 89       		.byte	0x89
 699 0132 00000000 		.4byte	.LFB65
 700 0136 14000000 		.4byte	.LFE65-.LFB65
 701 013a 01       		.uleb128 0x1
 702 013b 9C       		.byte	0x9c
 703 013c 09       		.uleb128 0x9
 704 013d E2000000 		.4byte	.LASF23
 705 0141 01       		.byte	0x1
 706 0142 A3       		.byte	0xa3
 707 0143 00000000 		.4byte	.LFB66
 708 0147 20000000 		.4byte	.LFE66-.LFB66
 709 014b 01       		.uleb128 0x1
 710 014c 9C       		.byte	0x9c
 711 014d 0C       		.uleb128 0xc
 712 014e 63020000 		.4byte	.LASF25
 713 0152 01       		.byte	0x1
 714 0153 CD       		.byte	0xcd
 715 0154 00000000 		.4byte	.LFB67
 716 0158 24000000 		.4byte	.LFE67-.LFB67
 717 015c 01       		.uleb128 0x1
 718 015d 9C       		.byte	0x9c
 719 015e 7F010000 		.4byte	0x17f
 720 0162 0B       		.uleb128 0xb
 721 0163 AF010000 		.4byte	.LASF26
 722 0167 01       		.byte	0x1
 723 0168 CD       		.byte	0xcd
 724 0169 EA000000 		.4byte	0xea
 725 016d 02       		.uleb128 0x2
 726 016e 91       		.byte	0x91
 727 016f 6C       		.sleb128 -20
 728 0170 0D       		.uleb128 0xd
 729 0171 54020000 		.4byte	.LASF27
 730 0175 01       		.byte	0x1
 731 0176 CF       		.byte	0xcf
ARM GAS  C:\Users\louis\AppData\Local\Temp\ccvEL5JY.s 			page 21


 732 0177 7F010000 		.4byte	0x17f
 733 017b 02       		.uleb128 0x2
 734 017c 91       		.byte	0x91
 735 017d 74       		.sleb128 -12
 736 017e 00       		.byte	0
 737 017f 05       		.uleb128 0x5
 738 0180 04       		.byte	0x4
 739 0181 EA000000 		.4byte	0xea
 740 0185 0E       		.uleb128 0xe
 741 0186 D0000000 		.4byte	.LASF30
 742 018a 01       		.byte	0x1
 743 018b E5       		.byte	0xe5
 744 018c EA000000 		.4byte	0xea
 745 0190 00000000 		.4byte	.LFB68
 746 0194 20000000 		.4byte	.LFE68-.LFB68
 747 0198 01       		.uleb128 0x1
 748 0199 9C       		.byte	0x9c
 749 019a AD010000 		.4byte	0x1ad
 750 019e 0D       		.uleb128 0xd
 751 019f 54020000 		.4byte	.LASF27
 752 01a3 01       		.byte	0x1
 753 01a4 E7       		.byte	0xe7
 754 01a5 7F010000 		.4byte	0x17f
 755 01a9 02       		.uleb128 0x2
 756 01aa 91       		.byte	0x91
 757 01ab 74       		.sleb128 -12
 758 01ac 00       		.byte	0
 759 01ad 0F       		.uleb128 0xf
 760 01ae 1D010000 		.4byte	.LASF28
 761 01b2 01       		.byte	0x1
 762 01b3 0701     		.2byte	0x107
 763 01b5 00000000 		.4byte	.LFB69
 764 01b9 24000000 		.4byte	.LFE69-.LFB69
 765 01bd 01       		.uleb128 0x1
 766 01be 9C       		.byte	0x9c
 767 01bf D3010000 		.4byte	0x1d3
 768 01c3 10       		.uleb128 0x10
 769 01c4 8B010000 		.4byte	.LASF29
 770 01c8 01       		.byte	0x1
 771 01c9 0701     		.2byte	0x107
 772 01cb 96000000 		.4byte	0x96
 773 01cf 02       		.uleb128 0x2
 774 01d0 91       		.byte	0x91
 775 01d1 77       		.sleb128 -9
 776 01d2 00       		.byte	0
 777 01d3 11       		.uleb128 0x11
 778 01d4 15000000 		.4byte	.LASF31
 779 01d8 01       		.byte	0x1
 780 01d9 1D01     		.2byte	0x11d
 781 01db 96000000 		.4byte	0x96
 782 01df 00000000 		.4byte	.LFB70
 783 01e3 24000000 		.4byte	.LFE70-.LFB70
 784 01e7 01       		.uleb128 0x1
 785 01e8 9C       		.byte	0x9c
 786 01e9 FD010000 		.4byte	0x1fd
 787 01ed 12       		.uleb128 0x12
 788 01ee 8B010000 		.4byte	.LASF29
ARM GAS  C:\Users\louis\AppData\Local\Temp\ccvEL5JY.s 			page 22


 789 01f2 01       		.byte	0x1
 790 01f3 1F01     		.2byte	0x11f
 791 01f5 96000000 		.4byte	0x96
 792 01f9 02       		.uleb128 0x2
 793 01fa 91       		.byte	0x91
 794 01fb 77       		.sleb128 -9
 795 01fc 00       		.byte	0
 796 01fd 13       		.uleb128 0x13
 797 01fe C1000000 		.4byte	.LASF32
 798 0202 01       		.byte	0x1
 799 0203 3801     		.2byte	0x138
 800 0205 00000000 		.4byte	.LFB71
 801 0209 18000000 		.4byte	.LFE71-.LFB71
 802 020d 01       		.uleb128 0x1
 803 020e 9C       		.byte	0x9c
 804 020f 14       		.uleb128 0x14
 805 0210 56010000 		.4byte	.LASF42
 806 0214 01       		.byte	0x1
 807 0215 4D01     		.2byte	0x14d
 808 0217 96000000 		.4byte	0x96
 809 021b 00000000 		.4byte	.LFB72
 810 021f 24000000 		.4byte	.LFE72-.LFB72
 811 0223 01       		.uleb128 0x1
 812 0224 9C       		.byte	0x9c
 813 0225 13       		.uleb128 0x13
 814 0226 7B010000 		.4byte	.LASF33
 815 022a 01       		.byte	0x1
 816 022b 6201     		.2byte	0x162
 817 022d 00000000 		.4byte	.LFB73
 818 0231 18000000 		.4byte	.LFE73-.LFB73
 819 0235 01       		.uleb128 0x1
 820 0236 9C       		.byte	0x9c
 821 0237 13       		.uleb128 0x13
 822 0238 C2020000 		.4byte	.LASF34
 823 023c 01       		.byte	0x1
 824 023d 7D01     		.2byte	0x17d
 825 023f 00000000 		.4byte	.LFB74
 826 0243 18000000 		.4byte	.LFE74-.LFB74
 827 0247 01       		.uleb128 0x1
 828 0248 9C       		.byte	0x9c
 829 0249 13       		.uleb128 0x13
 830 024a 2F020000 		.4byte	.LASF35
 831 024e 01       		.byte	0x1
 832 024f 9601     		.2byte	0x196
 833 0251 00000000 		.4byte	.LFB75
 834 0255 18000000 		.4byte	.LFE75-.LFB75
 835 0259 01       		.uleb128 0x1
 836 025a 9C       		.byte	0x9c
 837 025b 15       		.uleb128 0x15
 838 025c 67010000 		.4byte	.LASF36
 839 0260 05       		.byte	0x5
 840 0261 9606     		.2byte	0x696
 841 0263 67020000 		.4byte	0x267
 842 0267 08       		.uleb128 0x8
 843 0268 8B000000 		.4byte	0x8b
 844 026c 16       		.uleb128 0x16
 845 026d A2000000 		.4byte	0xa2
ARM GAS  C:\Users\louis\AppData\Local\Temp\ccvEL5JY.s 			page 23


 846 0271 7C020000 		.4byte	0x27c
 847 0275 17       		.uleb128 0x17
 848 0276 76000000 		.4byte	0x76
 849 027a 07       		.byte	0x7
 850 027b 00       		.byte	0
 851 027c 18       		.uleb128 0x18
 852 027d E3020000 		.4byte	.LASF37
 853 0281 01       		.byte	0x1
 854 0282 20       		.byte	0x20
 855 0283 6C020000 		.4byte	0x26c
 856 0287 18       		.uleb128 0x18
 857 0288 06000000 		.4byte	.LASF38
 858 028c 01       		.byte	0x1
 859 028d 21       		.byte	0x21
 860 028e 96000000 		.4byte	0x96
 861 0292 00       		.byte	0
 862              		.section	.debug_abbrev,"",%progbits
 863              	.Ldebug_abbrev0:
 864 0000 01       		.uleb128 0x1
 865 0001 11       		.uleb128 0x11
 866 0002 01       		.byte	0x1
 867 0003 25       		.uleb128 0x25
 868 0004 0E       		.uleb128 0xe
 869 0005 13       		.uleb128 0x13
 870 0006 0B       		.uleb128 0xb
 871 0007 03       		.uleb128 0x3
 872 0008 0E       		.uleb128 0xe
 873 0009 1B       		.uleb128 0x1b
 874 000a 0E       		.uleb128 0xe
 875 000b 55       		.uleb128 0x55
 876 000c 17       		.uleb128 0x17
 877 000d 11       		.uleb128 0x11
 878 000e 01       		.uleb128 0x1
 879 000f 10       		.uleb128 0x10
 880 0010 17       		.uleb128 0x17
 881 0011 00       		.byte	0
 882 0012 00       		.byte	0
 883 0013 02       		.uleb128 0x2
 884 0014 24       		.uleb128 0x24
 885 0015 00       		.byte	0
 886 0016 0B       		.uleb128 0xb
 887 0017 0B       		.uleb128 0xb
 888 0018 3E       		.uleb128 0x3e
 889 0019 0B       		.uleb128 0xb
 890 001a 03       		.uleb128 0x3
 891 001b 08       		.uleb128 0x8
 892 001c 00       		.byte	0
 893 001d 00       		.byte	0
 894 001e 03       		.uleb128 0x3
 895 001f 24       		.uleb128 0x24
 896 0020 00       		.byte	0
 897 0021 0B       		.uleb128 0xb
 898 0022 0B       		.uleb128 0xb
 899 0023 3E       		.uleb128 0x3e
 900 0024 0B       		.uleb128 0xb
 901 0025 03       		.uleb128 0x3
 902 0026 0E       		.uleb128 0xe
ARM GAS  C:\Users\louis\AppData\Local\Temp\ccvEL5JY.s 			page 24


 903 0027 00       		.byte	0
 904 0028 00       		.byte	0
 905 0029 04       		.uleb128 0x4
 906 002a 16       		.uleb128 0x16
 907 002b 00       		.byte	0
 908 002c 03       		.uleb128 0x3
 909 002d 0E       		.uleb128 0xe
 910 002e 3A       		.uleb128 0x3a
 911 002f 0B       		.uleb128 0xb
 912 0030 3B       		.uleb128 0x3b
 913 0031 0B       		.uleb128 0xb
 914 0032 49       		.uleb128 0x49
 915 0033 13       		.uleb128 0x13
 916 0034 00       		.byte	0
 917 0035 00       		.byte	0
 918 0036 05       		.uleb128 0x5
 919 0037 0F       		.uleb128 0xf
 920 0038 00       		.byte	0
 921 0039 0B       		.uleb128 0xb
 922 003a 0B       		.uleb128 0xb
 923 003b 49       		.uleb128 0x49
 924 003c 13       		.uleb128 0x13
 925 003d 00       		.byte	0
 926 003e 00       		.byte	0
 927 003f 06       		.uleb128 0x6
 928 0040 15       		.uleb128 0x15
 929 0041 00       		.byte	0
 930 0042 27       		.uleb128 0x27
 931 0043 19       		.uleb128 0x19
 932 0044 00       		.byte	0
 933 0045 00       		.byte	0
 934 0046 07       		.uleb128 0x7
 935 0047 16       		.uleb128 0x16
 936 0048 00       		.byte	0
 937 0049 03       		.uleb128 0x3
 938 004a 0E       		.uleb128 0xe
 939 004b 3A       		.uleb128 0x3a
 940 004c 0B       		.uleb128 0xb
 941 004d 3B       		.uleb128 0x3b
 942 004e 05       		.uleb128 0x5
 943 004f 49       		.uleb128 0x49
 944 0050 13       		.uleb128 0x13
 945 0051 00       		.byte	0
 946 0052 00       		.byte	0
 947 0053 08       		.uleb128 0x8
 948 0054 35       		.uleb128 0x35
 949 0055 00       		.byte	0
 950 0056 49       		.uleb128 0x49
 951 0057 13       		.uleb128 0x13
 952 0058 00       		.byte	0
 953 0059 00       		.byte	0
 954 005a 09       		.uleb128 0x9
 955 005b 2E       		.uleb128 0x2e
 956 005c 00       		.byte	0
 957 005d 3F       		.uleb128 0x3f
 958 005e 19       		.uleb128 0x19
 959 005f 03       		.uleb128 0x3
ARM GAS  C:\Users\louis\AppData\Local\Temp\ccvEL5JY.s 			page 25


 960 0060 0E       		.uleb128 0xe
 961 0061 3A       		.uleb128 0x3a
 962 0062 0B       		.uleb128 0xb
 963 0063 3B       		.uleb128 0x3b
 964 0064 0B       		.uleb128 0xb
 965 0065 27       		.uleb128 0x27
 966 0066 19       		.uleb128 0x19
 967 0067 11       		.uleb128 0x11
 968 0068 01       		.uleb128 0x1
 969 0069 12       		.uleb128 0x12
 970 006a 06       		.uleb128 0x6
 971 006b 40       		.uleb128 0x40
 972 006c 18       		.uleb128 0x18
 973 006d 9642     		.uleb128 0x2116
 974 006f 19       		.uleb128 0x19
 975 0070 00       		.byte	0
 976 0071 00       		.byte	0
 977 0072 0A       		.uleb128 0xa
 978 0073 2E       		.uleb128 0x2e
 979 0074 01       		.byte	0x1
 980 0075 3F       		.uleb128 0x3f
 981 0076 19       		.uleb128 0x19
 982 0077 03       		.uleb128 0x3
 983 0078 0E       		.uleb128 0xe
 984 0079 3A       		.uleb128 0x3a
 985 007a 0B       		.uleb128 0xb
 986 007b 3B       		.uleb128 0x3b
 987 007c 0B       		.uleb128 0xb
 988 007d 27       		.uleb128 0x27
 989 007e 19       		.uleb128 0x19
 990 007f 11       		.uleb128 0x11
 991 0080 01       		.uleb128 0x1
 992 0081 12       		.uleb128 0x12
 993 0082 06       		.uleb128 0x6
 994 0083 40       		.uleb128 0x40
 995 0084 18       		.uleb128 0x18
 996 0085 9642     		.uleb128 0x2116
 997 0087 19       		.uleb128 0x19
 998 0088 01       		.uleb128 0x1
 999 0089 13       		.uleb128 0x13
 1000 008a 00       		.byte	0
 1001 008b 00       		.byte	0
 1002 008c 0B       		.uleb128 0xb
 1003 008d 05       		.uleb128 0x5
 1004 008e 00       		.byte	0
 1005 008f 03       		.uleb128 0x3
 1006 0090 0E       		.uleb128 0xe
 1007 0091 3A       		.uleb128 0x3a
 1008 0092 0B       		.uleb128 0xb
 1009 0093 3B       		.uleb128 0x3b
 1010 0094 0B       		.uleb128 0xb
 1011 0095 49       		.uleb128 0x49
 1012 0096 13       		.uleb128 0x13
 1013 0097 02       		.uleb128 0x2
 1014 0098 18       		.uleb128 0x18
 1015 0099 00       		.byte	0
 1016 009a 00       		.byte	0
ARM GAS  C:\Users\louis\AppData\Local\Temp\ccvEL5JY.s 			page 26


 1017 009b 0C       		.uleb128 0xc
 1018 009c 2E       		.uleb128 0x2e
 1019 009d 01       		.byte	0x1
 1020 009e 3F       		.uleb128 0x3f
 1021 009f 19       		.uleb128 0x19
 1022 00a0 03       		.uleb128 0x3
 1023 00a1 0E       		.uleb128 0xe
 1024 00a2 3A       		.uleb128 0x3a
 1025 00a3 0B       		.uleb128 0xb
 1026 00a4 3B       		.uleb128 0x3b
 1027 00a5 0B       		.uleb128 0xb
 1028 00a6 27       		.uleb128 0x27
 1029 00a7 19       		.uleb128 0x19
 1030 00a8 11       		.uleb128 0x11
 1031 00a9 01       		.uleb128 0x1
 1032 00aa 12       		.uleb128 0x12
 1033 00ab 06       		.uleb128 0x6
 1034 00ac 40       		.uleb128 0x40
 1035 00ad 18       		.uleb128 0x18
 1036 00ae 9742     		.uleb128 0x2117
 1037 00b0 19       		.uleb128 0x19
 1038 00b1 01       		.uleb128 0x1
 1039 00b2 13       		.uleb128 0x13
 1040 00b3 00       		.byte	0
 1041 00b4 00       		.byte	0
 1042 00b5 0D       		.uleb128 0xd
 1043 00b6 34       		.uleb128 0x34
 1044 00b7 00       		.byte	0
 1045 00b8 03       		.uleb128 0x3
 1046 00b9 0E       		.uleb128 0xe
 1047 00ba 3A       		.uleb128 0x3a
 1048 00bb 0B       		.uleb128 0xb
 1049 00bc 3B       		.uleb128 0x3b
 1050 00bd 0B       		.uleb128 0xb
 1051 00be 49       		.uleb128 0x49
 1052 00bf 13       		.uleb128 0x13
 1053 00c0 02       		.uleb128 0x2
 1054 00c1 18       		.uleb128 0x18
 1055 00c2 00       		.byte	0
 1056 00c3 00       		.byte	0
 1057 00c4 0E       		.uleb128 0xe
 1058 00c5 2E       		.uleb128 0x2e
 1059 00c6 01       		.byte	0x1
 1060 00c7 3F       		.uleb128 0x3f
 1061 00c8 19       		.uleb128 0x19
 1062 00c9 03       		.uleb128 0x3
 1063 00ca 0E       		.uleb128 0xe
 1064 00cb 3A       		.uleb128 0x3a
 1065 00cc 0B       		.uleb128 0xb
 1066 00cd 3B       		.uleb128 0x3b
 1067 00ce 0B       		.uleb128 0xb
 1068 00cf 27       		.uleb128 0x27
 1069 00d0 19       		.uleb128 0x19
 1070 00d1 49       		.uleb128 0x49
 1071 00d2 13       		.uleb128 0x13
 1072 00d3 11       		.uleb128 0x11
 1073 00d4 01       		.uleb128 0x1
ARM GAS  C:\Users\louis\AppData\Local\Temp\ccvEL5JY.s 			page 27


 1074 00d5 12       		.uleb128 0x12
 1075 00d6 06       		.uleb128 0x6
 1076 00d7 40       		.uleb128 0x40
 1077 00d8 18       		.uleb128 0x18
 1078 00d9 9742     		.uleb128 0x2117
 1079 00db 19       		.uleb128 0x19
 1080 00dc 01       		.uleb128 0x1
 1081 00dd 13       		.uleb128 0x13
 1082 00de 00       		.byte	0
 1083 00df 00       		.byte	0
 1084 00e0 0F       		.uleb128 0xf
 1085 00e1 2E       		.uleb128 0x2e
 1086 00e2 01       		.byte	0x1
 1087 00e3 3F       		.uleb128 0x3f
 1088 00e4 19       		.uleb128 0x19
 1089 00e5 03       		.uleb128 0x3
 1090 00e6 0E       		.uleb128 0xe
 1091 00e7 3A       		.uleb128 0x3a
 1092 00e8 0B       		.uleb128 0xb
 1093 00e9 3B       		.uleb128 0x3b
 1094 00ea 05       		.uleb128 0x5
 1095 00eb 27       		.uleb128 0x27
 1096 00ec 19       		.uleb128 0x19
 1097 00ed 11       		.uleb128 0x11
 1098 00ee 01       		.uleb128 0x1
 1099 00ef 12       		.uleb128 0x12
 1100 00f0 06       		.uleb128 0x6
 1101 00f1 40       		.uleb128 0x40
 1102 00f2 18       		.uleb128 0x18
 1103 00f3 9742     		.uleb128 0x2117
 1104 00f5 19       		.uleb128 0x19
 1105 00f6 01       		.uleb128 0x1
 1106 00f7 13       		.uleb128 0x13
 1107 00f8 00       		.byte	0
 1108 00f9 00       		.byte	0
 1109 00fa 10       		.uleb128 0x10
 1110 00fb 05       		.uleb128 0x5
 1111 00fc 00       		.byte	0
 1112 00fd 03       		.uleb128 0x3
 1113 00fe 0E       		.uleb128 0xe
 1114 00ff 3A       		.uleb128 0x3a
 1115 0100 0B       		.uleb128 0xb
 1116 0101 3B       		.uleb128 0x3b
 1117 0102 05       		.uleb128 0x5
 1118 0103 49       		.uleb128 0x49
 1119 0104 13       		.uleb128 0x13
 1120 0105 02       		.uleb128 0x2
 1121 0106 18       		.uleb128 0x18
 1122 0107 00       		.byte	0
 1123 0108 00       		.byte	0
 1124 0109 11       		.uleb128 0x11
 1125 010a 2E       		.uleb128 0x2e
 1126 010b 01       		.byte	0x1
 1127 010c 3F       		.uleb128 0x3f
 1128 010d 19       		.uleb128 0x19
 1129 010e 03       		.uleb128 0x3
 1130 010f 0E       		.uleb128 0xe
ARM GAS  C:\Users\louis\AppData\Local\Temp\ccvEL5JY.s 			page 28


 1131 0110 3A       		.uleb128 0x3a
 1132 0111 0B       		.uleb128 0xb
 1133 0112 3B       		.uleb128 0x3b
 1134 0113 05       		.uleb128 0x5
 1135 0114 27       		.uleb128 0x27
 1136 0115 19       		.uleb128 0x19
 1137 0116 49       		.uleb128 0x49
 1138 0117 13       		.uleb128 0x13
 1139 0118 11       		.uleb128 0x11
 1140 0119 01       		.uleb128 0x1
 1141 011a 12       		.uleb128 0x12
 1142 011b 06       		.uleb128 0x6
 1143 011c 40       		.uleb128 0x40
 1144 011d 18       		.uleb128 0x18
 1145 011e 9742     		.uleb128 0x2117
 1146 0120 19       		.uleb128 0x19
 1147 0121 01       		.uleb128 0x1
 1148 0122 13       		.uleb128 0x13
 1149 0123 00       		.byte	0
 1150 0124 00       		.byte	0
 1151 0125 12       		.uleb128 0x12
 1152 0126 34       		.uleb128 0x34
 1153 0127 00       		.byte	0
 1154 0128 03       		.uleb128 0x3
 1155 0129 0E       		.uleb128 0xe
 1156 012a 3A       		.uleb128 0x3a
 1157 012b 0B       		.uleb128 0xb
 1158 012c 3B       		.uleb128 0x3b
 1159 012d 05       		.uleb128 0x5
 1160 012e 49       		.uleb128 0x49
 1161 012f 13       		.uleb128 0x13
 1162 0130 02       		.uleb128 0x2
 1163 0131 18       		.uleb128 0x18
 1164 0132 00       		.byte	0
 1165 0133 00       		.byte	0
 1166 0134 13       		.uleb128 0x13
 1167 0135 2E       		.uleb128 0x2e
 1168 0136 00       		.byte	0
 1169 0137 3F       		.uleb128 0x3f
 1170 0138 19       		.uleb128 0x19
 1171 0139 03       		.uleb128 0x3
 1172 013a 0E       		.uleb128 0xe
 1173 013b 3A       		.uleb128 0x3a
 1174 013c 0B       		.uleb128 0xb
 1175 013d 3B       		.uleb128 0x3b
 1176 013e 05       		.uleb128 0x5
 1177 013f 27       		.uleb128 0x27
 1178 0140 19       		.uleb128 0x19
 1179 0141 11       		.uleb128 0x11
 1180 0142 01       		.uleb128 0x1
 1181 0143 12       		.uleb128 0x12
 1182 0144 06       		.uleb128 0x6
 1183 0145 40       		.uleb128 0x40
 1184 0146 18       		.uleb128 0x18
 1185 0147 9742     		.uleb128 0x2117
 1186 0149 19       		.uleb128 0x19
 1187 014a 00       		.byte	0
ARM GAS  C:\Users\louis\AppData\Local\Temp\ccvEL5JY.s 			page 29


 1188 014b 00       		.byte	0
 1189 014c 14       		.uleb128 0x14
 1190 014d 2E       		.uleb128 0x2e
 1191 014e 00       		.byte	0
 1192 014f 3F       		.uleb128 0x3f
 1193 0150 19       		.uleb128 0x19
 1194 0151 03       		.uleb128 0x3
 1195 0152 0E       		.uleb128 0xe
 1196 0153 3A       		.uleb128 0x3a
 1197 0154 0B       		.uleb128 0xb
 1198 0155 3B       		.uleb128 0x3b
 1199 0156 05       		.uleb128 0x5
 1200 0157 27       		.uleb128 0x27
 1201 0158 19       		.uleb128 0x19
 1202 0159 49       		.uleb128 0x49
 1203 015a 13       		.uleb128 0x13
 1204 015b 11       		.uleb128 0x11
 1205 015c 01       		.uleb128 0x1
 1206 015d 12       		.uleb128 0x12
 1207 015e 06       		.uleb128 0x6
 1208 015f 40       		.uleb128 0x40
 1209 0160 18       		.uleb128 0x18
 1210 0161 9742     		.uleb128 0x2117
 1211 0163 19       		.uleb128 0x19
 1212 0164 00       		.byte	0
 1213 0165 00       		.byte	0
 1214 0166 15       		.uleb128 0x15
 1215 0167 34       		.uleb128 0x34
 1216 0168 00       		.byte	0
 1217 0169 03       		.uleb128 0x3
 1218 016a 0E       		.uleb128 0xe
 1219 016b 3A       		.uleb128 0x3a
 1220 016c 0B       		.uleb128 0xb
 1221 016d 3B       		.uleb128 0x3b
 1222 016e 05       		.uleb128 0x5
 1223 016f 49       		.uleb128 0x49
 1224 0170 13       		.uleb128 0x13
 1225 0171 3F       		.uleb128 0x3f
 1226 0172 19       		.uleb128 0x19
 1227 0173 3C       		.uleb128 0x3c
 1228 0174 19       		.uleb128 0x19
 1229 0175 00       		.byte	0
 1230 0176 00       		.byte	0
 1231 0177 16       		.uleb128 0x16
 1232 0178 01       		.uleb128 0x1
 1233 0179 01       		.byte	0x1
 1234 017a 49       		.uleb128 0x49
 1235 017b 13       		.uleb128 0x13
 1236 017c 01       		.uleb128 0x1
 1237 017d 13       		.uleb128 0x13
 1238 017e 00       		.byte	0
 1239 017f 00       		.byte	0
 1240 0180 17       		.uleb128 0x17
 1241 0181 21       		.uleb128 0x21
 1242 0182 00       		.byte	0
 1243 0183 49       		.uleb128 0x49
 1244 0184 13       		.uleb128 0x13
ARM GAS  C:\Users\louis\AppData\Local\Temp\ccvEL5JY.s 			page 30


 1245 0185 2F       		.uleb128 0x2f
 1246 0186 0B       		.uleb128 0xb
 1247 0187 00       		.byte	0
 1248 0188 00       		.byte	0
 1249 0189 18       		.uleb128 0x18
 1250 018a 34       		.uleb128 0x34
 1251 018b 00       		.byte	0
 1252 018c 03       		.uleb128 0x3
 1253 018d 0E       		.uleb128 0xe
 1254 018e 3A       		.uleb128 0x3a
 1255 018f 0B       		.uleb128 0xb
 1256 0190 3B       		.uleb128 0x3b
 1257 0191 0B       		.uleb128 0xb
 1258 0192 49       		.uleb128 0x49
 1259 0193 13       		.uleb128 0x13
 1260 0194 3F       		.uleb128 0x3f
 1261 0195 19       		.uleb128 0x19
 1262 0196 3C       		.uleb128 0x3c
 1263 0197 19       		.uleb128 0x19
 1264 0198 00       		.byte	0
 1265 0199 00       		.byte	0
 1266 019a 00       		.byte	0
 1267              		.section	.debug_aranges,"",%progbits
 1268 0000 7C000000 		.4byte	0x7c
 1269 0004 0200     		.2byte	0x2
 1270 0006 00000000 		.4byte	.Ldebug_info0
 1271 000a 04       		.byte	0x4
 1272 000b 00       		.byte	0
 1273 000c 0000     		.2byte	0
 1274 000e 0000     		.2byte	0
 1275 0010 00000000 		.4byte	.LFB63
 1276 0014 20000000 		.4byte	.LFE63-.LFB63
 1277 0018 00000000 		.4byte	.LFB64
 1278 001c 22000000 		.4byte	.LFE64-.LFB64
 1279 0020 00000000 		.4byte	.LFB65
 1280 0024 14000000 		.4byte	.LFE65-.LFB65
 1281 0028 00000000 		.4byte	.LFB66
 1282 002c 20000000 		.4byte	.LFE66-.LFB66
 1283 0030 00000000 		.4byte	.LFB67
 1284 0034 24000000 		.4byte	.LFE67-.LFB67
 1285 0038 00000000 		.4byte	.LFB68
 1286 003c 20000000 		.4byte	.LFE68-.LFB68
 1287 0040 00000000 		.4byte	.LFB69
 1288 0044 24000000 		.4byte	.LFE69-.LFB69
 1289 0048 00000000 		.4byte	.LFB70
 1290 004c 24000000 		.4byte	.LFE70-.LFB70
 1291 0050 00000000 		.4byte	.LFB71
 1292 0054 18000000 		.4byte	.LFE71-.LFB71
 1293 0058 00000000 		.4byte	.LFB72
 1294 005c 24000000 		.4byte	.LFE72-.LFB72
 1295 0060 00000000 		.4byte	.LFB73
 1296 0064 18000000 		.4byte	.LFE73-.LFB73
 1297 0068 00000000 		.4byte	.LFB74
 1298 006c 18000000 		.4byte	.LFE74-.LFB74
 1299 0070 00000000 		.4byte	.LFB75
 1300 0074 18000000 		.4byte	.LFE75-.LFB75
 1301 0078 00000000 		.4byte	0
ARM GAS  C:\Users\louis\AppData\Local\Temp\ccvEL5JY.s 			page 31


 1302 007c 00000000 		.4byte	0
 1303              		.section	.debug_ranges,"",%progbits
 1304              	.Ldebug_ranges0:
 1305 0000 00000000 		.4byte	.LFB63
 1306 0004 20000000 		.4byte	.LFE63
 1307 0008 00000000 		.4byte	.LFB64
 1308 000c 22000000 		.4byte	.LFE64
 1309 0010 00000000 		.4byte	.LFB65
 1310 0014 14000000 		.4byte	.LFE65
 1311 0018 00000000 		.4byte	.LFB66
 1312 001c 20000000 		.4byte	.LFE66
 1313 0020 00000000 		.4byte	.LFB67
 1314 0024 24000000 		.4byte	.LFE67
 1315 0028 00000000 		.4byte	.LFB68
 1316 002c 20000000 		.4byte	.LFE68
 1317 0030 00000000 		.4byte	.LFB69
 1318 0034 24000000 		.4byte	.LFE69
 1319 0038 00000000 		.4byte	.LFB70
 1320 003c 24000000 		.4byte	.LFE70
 1321 0040 00000000 		.4byte	.LFB71
 1322 0044 18000000 		.4byte	.LFE71
 1323 0048 00000000 		.4byte	.LFB72
 1324 004c 24000000 		.4byte	.LFE72
 1325 0050 00000000 		.4byte	.LFB73
 1326 0054 18000000 		.4byte	.LFE73
 1327 0058 00000000 		.4byte	.LFB74
 1328 005c 18000000 		.4byte	.LFE74
 1329 0060 00000000 		.4byte	.LFB75
 1330 0064 18000000 		.4byte	.LFE75
 1331 0068 00000000 		.4byte	0
 1332 006c 00000000 		.4byte	0
 1333              		.section	.debug_line,"",%progbits
 1334              	.Ldebug_line0:
 1335 0000 6E020000 		.section	.debug_str,"MS",%progbits,1
 1335      02006301 
 1335      00000201 
 1335      FB0E0D00 
 1335      01010101 
 1336              	.LASF19:
 1337 0000 72656733 		.ascii	"reg32\000"
 1337      3200
 1338              	.LASF38:
 1339 0006 64617461 		.ascii	"dataready_flag\000"
 1339      72656164 
 1339      795F666C 
 1339      616700
 1340              	.LASF31:
 1341 0015 6973725F 		.ascii	"isr_eoc_GetPriority\000"
 1341      656F635F 
 1341      47657450 
 1341      72696F72 
 1341      69747900 
 1342              	.LASF11:
 1343 0029 5F5F696E 		.ascii	"__int32_t\000"
 1343      7433325F 
 1343      7400
 1344              	.LASF39:
ARM GAS  C:\Users\louis\AppData\Local\Temp\ccvEL5JY.s 			page 32


 1345 0033 474E5520 		.ascii	"GNU C 4.9.3 20150303 (release) [ARM/embedded-4_9-br"
 1345      4320342E 
 1345      392E3320 
 1345      32303135 
 1345      30333033 
 1346 0066 616E6368 		.ascii	"anch revision 221220] -mcpu=cortex-m3 -mthumb -g -O"
 1346      20726576 
 1346      6973696F 
 1346      6E203232 
 1346      31323230 
 1347 0099 30202D66 		.ascii	"0 -ffunction-sections -ffat-lto-objects\000"
 1347      66756E63 
 1347      74696F6E 
 1347      2D736563 
 1347      74696F6E 
 1348              	.LASF32:
 1349 00c1 6973725F 		.ascii	"isr_eoc_Enable\000"
 1349      656F635F 
 1349      456E6162 
 1349      6C6500
 1350              	.LASF30:
 1351 00d0 6973725F 		.ascii	"isr_eoc_GetVector\000"
 1351      656F635F 
 1351      47657456 
 1351      6563746F 
 1351      7200
 1352              	.LASF23:
 1353 00e2 6973725F 		.ascii	"isr_eoc_Interrupt\000"
 1353      656F635F 
 1353      496E7465 
 1353      72727570 
 1353      7400
 1354              	.LASF16:
 1355 00f4 666C6F61 		.ascii	"float\000"
 1355      7400
 1356              	.LASF2:
 1357 00fa 756E7369 		.ascii	"unsigned char\000"
 1357      676E6564 
 1357      20636861 
 1357      7200
 1358              	.LASF24:
 1359 0108 6973725F 		.ascii	"isr_eoc_StartEx\000"
 1359      656F635F 
 1359      53746172 
 1359      74457800 
 1360              	.LASF18:
 1361 0118 72656738 		.ascii	"reg8\000"
 1361      00
 1362              	.LASF28:
 1363 011d 6973725F 		.ascii	"isr_eoc_SetPriority\000"
 1363      656F635F 
 1363      53657450 
 1363      72696F72 
 1363      69747900 
 1364              	.LASF6:
 1365 0131 6C6F6E67 		.ascii	"long unsigned int\000"
 1365      20756E73 
ARM GAS  C:\Users\louis\AppData\Local\Temp\ccvEL5JY.s 			page 33


 1365      69676E65 
 1365      6420696E 
 1365      7400
 1366              	.LASF4:
 1367 0143 73686F72 		.ascii	"short unsigned int\000"
 1367      7420756E 
 1367      7369676E 
 1367      65642069 
 1367      6E7400
 1368              	.LASF42:
 1369 0156 6973725F 		.ascii	"isr_eoc_GetState\000"
 1369      656F635F 
 1369      47657453 
 1369      74617465 
 1369      00
 1370              	.LASF36:
 1371 0167 49544D5F 		.ascii	"ITM_RxBuffer\000"
 1371      52784275 
 1371      66666572 
 1371      00
 1372              	.LASF17:
 1373 0174 646F7562 		.ascii	"double\000"
 1373      6C6500
 1374              	.LASF33:
 1375 017b 6973725F 		.ascii	"isr_eoc_Disable\000"
 1375      656F635F 
 1375      44697361 
 1375      626C6500 
 1376              	.LASF29:
 1377 018b 7072696F 		.ascii	"priority\000"
 1377      72697479 
 1377      00
 1378              	.LASF14:
 1379 0194 75696E74 		.ascii	"uint16\000"
 1379      313600
 1380              	.LASF15:
 1381 019b 75696E74 		.ascii	"uint32\000"
 1381      333200
 1382              	.LASF0:
 1383 01a2 756E7369 		.ascii	"unsigned int\000"
 1383      676E6564 
 1383      20696E74 
 1383      00
 1384              	.LASF26:
 1385 01af 61646472 		.ascii	"address\000"
 1385      65737300 
 1386              	.LASF8:
 1387 01b7 6C6F6E67 		.ascii	"long long unsigned int\000"
 1387      206C6F6E 
 1387      6720756E 
 1387      7369676E 
 1387      65642069 
 1388              	.LASF20:
 1389 01ce 63796973 		.ascii	"cyisraddress\000"
 1389      72616464 
 1389      72657373 
 1389      00
ARM GAS  C:\Users\louis\AppData\Local\Temp\ccvEL5JY.s 			page 34


 1390              	.LASF22:
 1391 01db 6973725F 		.ascii	"isr_eoc_Stop\000"
 1391      656F635F 
 1391      53746F70 
 1391      00
 1392              	.LASF12:
 1393 01e8 696E7433 		.ascii	"int32_t\000"
 1393      325F7400 
 1394              	.LASF9:
 1395 01f0 73697A65 		.ascii	"sizetype\000"
 1395      74797065 
 1395      00
 1396              	.LASF7:
 1397 01f9 6C6F6E67 		.ascii	"long long int\000"
 1397      206C6F6E 
 1397      6720696E 
 1397      7400
 1398              	.LASF10:
 1399 0207 63686172 		.ascii	"char\000"
 1399      00
 1400              	.LASF40:
 1401 020c 2E5C4765 		.ascii	".\\Generated_Source\\PSoC5\\isr_eoc.c\000"
 1401      6E657261 
 1401      7465645F 
 1401      536F7572 
 1401      63655C50 
 1402              	.LASF35:
 1403 022f 6973725F 		.ascii	"isr_eoc_ClearPending\000"
 1403      656F635F 
 1403      436C6561 
 1403      7250656E 
 1403      64696E67 
 1404              	.LASF3:
 1405 0244 73686F72 		.ascii	"short int\000"
 1405      7420696E 
 1405      7400
 1406              	.LASF13:
 1407 024e 75696E74 		.ascii	"uint8\000"
 1407      3800
 1408              	.LASF27:
 1409 0254 72616D56 		.ascii	"ramVectorTable\000"
 1409      6563746F 
 1409      72546162 
 1409      6C6500
 1410              	.LASF25:
 1411 0263 6973725F 		.ascii	"isr_eoc_SetVector\000"
 1411      656F635F 
 1411      53657456 
 1411      6563746F 
 1411      7200
 1412              	.LASF5:
 1413 0275 6C6F6E67 		.ascii	"long int\000"
 1413      20696E74 
 1413      00
 1414              	.LASF41:
 1415 027e 433A5C55 		.ascii	"C:\\Users\\louis\\Desktop\\psoc_code_base\\CS301_Cl"
 1415      73657273 
ARM GAS  C:\Users\louis\AppData\Local\Temp\ccvEL5JY.s 			page 35


 1415      5C6C6F75 
 1415      69735C44 
 1415      65736B74 
 1416 02ac 6173732E 		.ascii	"ass.cydsn\000"
 1416      63796473 
 1416      6E00
 1417              	.LASF1:
 1418 02b6 7369676E 		.ascii	"signed char\000"
 1418      65642063 
 1418      68617200 
 1419              	.LASF34:
 1420 02c2 6973725F 		.ascii	"isr_eoc_SetPending\000"
 1420      656F635F 
 1420      53657450 
 1420      656E6469 
 1420      6E6700
 1421              	.LASF21:
 1422 02d5 6973725F 		.ascii	"isr_eoc_Start\000"
 1422      656F635F 
 1422      53746172 
 1422      7400
 1423              	.LASF37:
 1424 02e3 61646376 		.ascii	"adcvalue\000"
 1424      616C7565 
 1424      00
 1425              		.ident	"GCC: (GNU Tools for ARM Embedded Processors) 4.9.3 20150303 (release) [ARM/embedded-4_9-br
